<?xml version="1.0"?>
<link_info>
   <banner>TI ARM Linker PC v5.2.6</banner>
   <copyright>Copyright (c) 1996-2015 Texas Instruments Incorporated</copyright>
   <link_time>0x56b5439e</link_time>
   <link_errors>0x0</link_errors>
   <output_file>Timer_Ultrsonic.out</output_file>
   <entry_point>
      <name>_c_int00</name>
      <address>0x2000727d</address>
   </entry_point>
   <input_file_list>
      <input_file id="fl-2">
         <path>.\</path>
         <kind>object</kind>
         <file>main.obj</file>
         <name>main.obj</name>
      </input_file>
      <input_file id="fl-3">
         <path>.\</path>
         <kind>object</kind>
         <file>pinmux.obj</file>
         <name>pinmux.obj</name>
      </input_file>
      <input_file id="fl-4">
         <path>.\</path>
         <kind>object</kind>
         <file>startup_ccs.obj</file>
         <name>startup_ccs.obj</name>
      </input_file>
      <input_file id="fl-5">
         <path>.\</path>
         <kind>object</kind>
         <file>uart_if.obj</file>
         <name>uart_if.obj</name>
      </input_file>
      <input_file id="fl-12c">
         <path>C:\TI\ccsv6\tools\compiler\ti-cgt-arm_5.2.6\lib\</path>
         <kind>archive</kind>
         <file>rtsv7M4_T_le_eabi.lib</file>
         <name>boot.obj</name>
      </input_file>
      <input_file id="fl-12d">
         <path>C:\TI\ccsv6\tools\compiler\ti-cgt-arm_5.2.6\lib\</path>
         <kind>archive</kind>
         <file>rtsv7M4_T_le_eabi.lib</file>
         <name>copy_decompress_none.obj</name>
      </input_file>
      <input_file id="fl-12e">
         <path>C:\TI\ccsv6\tools\compiler\ti-cgt-arm_5.2.6\lib\</path>
         <kind>archive</kind>
         <file>rtsv7M4_T_le_eabi.lib</file>
         <name>copy_decompress_rle.obj</name>
      </input_file>
      <input_file id="fl-12f">
         <path>C:\TI\ccsv6\tools\compiler\ti-cgt-arm_5.2.6\lib\</path>
         <kind>archive</kind>
         <file>rtsv7M4_T_le_eabi.lib</file>
         <name>copy_zero_init.obj</name>
      </input_file>
      <input_file id="fl-130">
         <path>C:\TI\ccsv6\tools\compiler\ti-cgt-arm_5.2.6\lib\</path>
         <kind>archive</kind>
         <file>rtsv7M4_T_le_eabi.lib</file>
         <name>exit.obj</name>
      </input_file>
      <input_file id="fl-131">
         <path>C:\TI\ccsv6\tools\compiler\ti-cgt-arm_5.2.6\lib\</path>
         <kind>archive</kind>
         <file>rtsv7M4_T_le_eabi.lib</file>
         <name>fd_mul_t2.obj</name>
      </input_file>
      <input_file id="fl-132">
         <path>C:\TI\ccsv6\tools\compiler\ti-cgt-arm_5.2.6\lib\</path>
         <kind>archive</kind>
         <file>rtsv7M4_T_le_eabi.lib</file>
         <name>fd_tou_t2.obj</name>
      </input_file>
      <input_file id="fl-133">
         <path>C:\TI\ccsv6\tools\compiler\ti-cgt-arm_5.2.6\lib\</path>
         <kind>archive</kind>
         <file>rtsv7M4_T_le_eabi.lib</file>
         <name>fs_div_t2.obj</name>
      </input_file>
      <input_file id="fl-134">
         <path>C:\TI\ccsv6\tools\compiler\ti-cgt-arm_5.2.6\lib\</path>
         <kind>archive</kind>
         <file>rtsv7M4_T_le_eabi.lib</file>
         <name>fs_mul_t2.obj</name>
      </input_file>
      <input_file id="fl-135">
         <path>C:\TI\ccsv6\tools\compiler\ti-cgt-arm_5.2.6\lib\</path>
         <kind>archive</kind>
         <file>rtsv7M4_T_le_eabi.lib</file>
         <name>fs_tod_t2.obj</name>
      </input_file>
      <input_file id="fl-136">
         <path>C:\TI\ccsv6\tools\compiler\ti-cgt-arm_5.2.6\lib\</path>
         <kind>archive</kind>
         <file>rtsv7M4_T_le_eabi.lib</file>
         <name>fs_toi_t2.obj</name>
      </input_file>
      <input_file id="fl-137">
         <path>C:\TI\ccsv6\tools\compiler\ti-cgt-arm_5.2.6\lib\</path>
         <kind>archive</kind>
         <file>rtsv7M4_T_le_eabi.lib</file>
         <name>memcpy_t2.obj</name>
      </input_file>
      <input_file id="fl-138">
         <path>C:\TI\ccsv6\tools\compiler\ti-cgt-arm_5.2.6\lib\</path>
         <kind>archive</kind>
         <file>rtsv7M4_T_le_eabi.lib</file>
         <name>memmov.obj</name>
      </input_file>
      <input_file id="fl-139">
         <path>C:\TI\ccsv6\tools\compiler\ti-cgt-arm_5.2.6\lib\</path>
         <kind>archive</kind>
         <file>rtsv7M4_T_le_eabi.lib</file>
         <name>memory.obj</name>
      </input_file>
      <input_file id="fl-13a">
         <path>C:\TI\ccsv6\tools\compiler\ti-cgt-arm_5.2.6\lib\</path>
         <kind>archive</kind>
         <file>rtsv7M4_T_le_eabi.lib</file>
         <name>memset_t2.obj</name>
      </input_file>
      <input_file id="fl-13b">
         <path>C:\TI\ccsv6\tools\compiler\ti-cgt-arm_5.2.6\lib\</path>
         <kind>archive</kind>
         <file>rtsv7M4_T_le_eabi.lib</file>
         <name>pre_init.obj</name>
      </input_file>
      <input_file id="fl-13c">
         <path>C:\TI\ccsv6\tools\compiler\ti-cgt-arm_5.2.6\lib\</path>
         <kind>archive</kind>
         <file>rtsv7M4_T_le_eabi.lib</file>
         <name>stkdepth_vars.obj</name>
      </input_file>
      <input_file id="fl-13d">
         <path>C:\TI\ccsv6\tools\compiler\ti-cgt-arm_5.2.6\lib\</path>
         <kind>archive</kind>
         <file>rtsv7M4_T_le_eabi.lib</file>
         <name>strlen.obj</name>
      </input_file>
      <input_file id="fl-13e">
         <path>C:\TI\ccsv6\tools\compiler\ti-cgt-arm_5.2.6\lib\</path>
         <kind>archive</kind>
         <file>rtsv7M4_T_le_eabi.lib</file>
         <name>u_tofd_t2.obj</name>
      </input_file>
      <input_file id="fl-13f">
         <path>C:\TI\ccsv6\tools\compiler\ti-cgt-arm_5.2.6\lib\</path>
         <kind>archive</kind>
         <file>rtsv7M4_T_le_eabi.lib</file>
         <name>u_tofs_t2.obj</name>
      </input_file>
      <input_file id="fl-140">
         <path>C:\TI\ccsv6\tools\compiler\ti-cgt-arm_5.2.6\lib\</path>
         <kind>archive</kind>
         <file>rtsv7M4_T_le_eabi.lib</file>
         <name>vsnprintf.obj</name>
      </input_file>
      <input_file id="fl-141">
         <path>C:\TI\ccsv6\tools\compiler\ti-cgt-arm_5.2.6\lib\</path>
         <kind>archive</kind>
         <file>rtsv7M4_T_le_eabi.lib</file>
         <name>_lock.obj</name>
      </input_file>
      <input_file id="fl-142">
         <path>C:\TI\ccsv6\tools\compiler\ti-cgt-arm_5.2.6\lib\</path>
         <kind>archive</kind>
         <file>rtsv7M4_T_le_eabi.lib</file>
         <name>_printfi.obj</name>
      </input_file>
      <input_file id="fl-143">
         <path>C:\TI\ccsv6\tools\compiler\ti-cgt-arm_5.2.6\lib\</path>
         <kind>archive</kind>
         <file>rtsv7M4_T_le_eabi.lib</file>
         <name>args_main.obj</name>
      </input_file>
      <input_file id="fl-144">
         <path>C:\TI\ccsv6\tools\compiler\ti-cgt-arm_5.2.6\lib\</path>
         <kind>archive</kind>
         <file>rtsv7M4_T_le_eabi.lib</file>
         <name>atoi.obj</name>
      </input_file>
      <input_file id="fl-145">
         <path>C:\TI\ccsv6\tools\compiler\ti-cgt-arm_5.2.6\lib\</path>
         <kind>archive</kind>
         <file>rtsv7M4_T_le_eabi.lib</file>
         <name>autoinit.obj</name>
      </input_file>
      <input_file id="fl-146">
         <path>C:\TI\ccsv6\tools\compiler\ti-cgt-arm_5.2.6\lib\</path>
         <kind>archive</kind>
         <file>rtsv7M4_T_le_eabi.lib</file>
         <name>cpy_tbl.obj</name>
      </input_file>
      <input_file id="fl-147">
         <path>C:\TI\ccsv6\tools\compiler\ti-cgt-arm_5.2.6\lib\</path>
         <kind>archive</kind>
         <file>rtsv7M4_T_le_eabi.lib</file>
         <name>ctype.obj</name>
      </input_file>
      <input_file id="fl-148">
         <path>C:\TI\ccsv6\tools\compiler\ti-cgt-arm_5.2.6\lib\</path>
         <kind>archive</kind>
         <file>rtsv7M4_T_le_eabi.lib</file>
         <name>fd_add_t2.obj</name>
      </input_file>
      <input_file id="fl-149">
         <path>C:\TI\ccsv6\tools\compiler\ti-cgt-arm_5.2.6\lib\</path>
         <kind>archive</kind>
         <file>rtsv7M4_T_le_eabi.lib</file>
         <name>fd_cmp_t2.obj</name>
      </input_file>
      <input_file id="fl-14a">
         <path>C:\TI\ccsv6\tools\compiler\ti-cgt-arm_5.2.6\lib\</path>
         <kind>archive</kind>
         <file>rtsv7M4_T_le_eabi.lib</file>
         <name>fd_div_t2.obj</name>
      </input_file>
      <input_file id="fl-14b">
         <path>C:\TI\ccsv6\tools\compiler\ti-cgt-arm_5.2.6\lib\</path>
         <kind>archive</kind>
         <file>rtsv7M4_T_le_eabi.lib</file>
         <name>fd_toi_t2.obj</name>
      </input_file>
      <input_file id="fl-14c">
         <path>C:\TI\ccsv6\tools\compiler\ti-cgt-arm_5.2.6\lib\</path>
         <kind>archive</kind>
         <file>rtsv7M4_T_le_eabi.lib</file>
         <name>frexp.obj</name>
      </input_file>
      <input_file id="fl-14d">
         <path>C:\TI\ccsv6\tools\compiler\ti-cgt-arm_5.2.6\lib\</path>
         <kind>archive</kind>
         <file>rtsv7M4_T_le_eabi.lib</file>
         <name>i_tofd_t2.obj</name>
      </input_file>
      <input_file id="fl-14e">
         <path>C:\TI\ccsv6\tools\compiler\ti-cgt-arm_5.2.6\lib\</path>
         <kind>archive</kind>
         <file>rtsv7M4_T_le_eabi.lib</file>
         <name>ldexp.obj</name>
      </input_file>
      <input_file id="fl-14f">
         <path>C:\TI\ccsv6\tools\compiler\ti-cgt-arm_5.2.6\lib\</path>
         <kind>archive</kind>
         <file>rtsv7M4_T_le_eabi.lib</file>
         <name>ltoa.obj</name>
      </input_file>
      <input_file id="fl-150">
         <path>C:\TI\ccsv6\tools\compiler\ti-cgt-arm_5.2.6\lib\</path>
         <kind>archive</kind>
         <file>rtsv7M4_T_le_eabi.lib</file>
         <name>memccpy.obj</name>
      </input_file>
      <input_file id="fl-151">
         <path>C:\TI\ccsv6\tools\compiler\ti-cgt-arm_5.2.6\lib\</path>
         <kind>archive</kind>
         <file>rtsv7M4_T_le_eabi.lib</file>
         <name>strchr.obj</name>
      </input_file>
      <input_file id="fl-152">
         <path>C:\TI\ccsv6\tools\compiler\ti-cgt-arm_5.2.6\lib\</path>
         <kind>archive</kind>
         <file>rtsv7M4_T_le_eabi.lib</file>
         <name>ull_div_t2.obj</name>
      </input_file>
      <input_file id="fl-153">
         <path>C:\TI\ccsv6\tools\compiler\ti-cgt-arm_5.2.6\lib\</path>
         <kind>archive</kind>
         <file>rtsv7M4_T_le_eabi.lib</file>
         <name>xdclass.obj</name>
      </input_file>
      <input_file id="fl-154">
         <path>C:\TI\ccsv6\tools\compiler\ti-cgt-arm_5.2.6\lib\</path>
         <kind>archive</kind>
         <file>rtsv7M4_T_le_eabi.lib</file>
         <name>xdscale.obj</name>
      </input_file>
      <input_file id="fl-155">
         <path>C:\TI\ccsv6\tools\compiler\ti-cgt-arm_5.2.6\lib\</path>
         <kind>archive</kind>
         <file>rtsv7M4_T_le_eabi.lib</file>
         <name>xdunscal.obj</name>
      </input_file>
      <input_file id="fl-156">
         <path>C:\TI\ccsv6\tools\compiler\ti-cgt-arm_5.2.6\lib\</path>
         <kind>archive</kind>
         <file>rtsv7M4_T_le_eabi.lib</file>
         <name>xferaise.obj</name>
      </input_file>
      <input_file id="fl-157">
         <path>C:\TI\ccsv6\tools\compiler\ti-cgt-arm_5.2.6\lib\</path>
         <kind>archive</kind>
         <file>rtsv7M4_T_le_eabi.lib</file>
         <name>xvalues.obj</name>
      </input_file>
      <input_file id="fl-158">
         <path>C:\TI\ccsv6\tools\compiler\ti-cgt-arm_5.2.6\lib\</path>
         <kind>archive</kind>
         <file>rtsv7M4_T_le_eabi.lib</file>
         <name>errno.obj</name>
      </input_file>
      <input_file id="fl-159">
         <path>C:\TI\ccsv6\tools\compiler\ti-cgt-arm_5.2.6\lib\</path>
         <kind>archive</kind>
         <file>rtsv7M4_T_le_eabi.lib</file>
         <name>feraiseexcept.obj</name>
      </input_file>
      <input_file id="fl-15a">
         <path>C:\TI\ccsv6\tools\compiler\ti-cgt-arm_5.2.6\lib\</path>
         <kind>archive</kind>
         <file>rtsv7M4_T_le_eabi.lib</file>
         <name>raise.obj</name>
      </input_file>
      <input_file id="fl-15b">
         <path>C:\TI\ccsv6\tools\compiler\ti-cgt-arm_5.2.6\lib\</path>
         <kind>archive</kind>
         <file>rtsv7M4_T_le_eabi.lib</file>
         <name>signal.obj</name>
      </input_file>
      <input_file id="fl-15c">
         <path>C:\TI\ccsv6\tools\compiler\ti-cgt-arm_5.2.6\lib\</path>
         <kind>archive</kind>
         <file>rtsv7M4_T_le_eabi.lib</file>
         <name>xdnorm.obj</name>
      </input_file>
      <input_file id="fl-15d">
         <path>C:\TI\CC3200SDK_1.1.0\cc3200-sdk\driverlib\ccs\Release\</path>
         <kind>archive</kind>
         <file>driverlib.a</file>
         <name>gpio.obj</name>
      </input_file>
      <input_file id="fl-15e">
         <path>C:\TI\CC3200SDK_1.1.0\cc3200-sdk\driverlib\ccs\Release\</path>
         <kind>archive</kind>
         <file>driverlib.a</file>
         <name>interrupt.obj</name>
      </input_file>
      <input_file id="fl-15f">
         <path>C:\TI\CC3200SDK_1.1.0\cc3200-sdk\driverlib\ccs\Release\</path>
         <kind>archive</kind>
         <file>driverlib.a</file>
         <name>pin.obj</name>
      </input_file>
      <input_file id="fl-160">
         <path>C:\TI\CC3200SDK_1.1.0\cc3200-sdk\driverlib\ccs\Release\</path>
         <kind>archive</kind>
         <file>driverlib.a</file>
         <name>prcm.obj</name>
      </input_file>
      <input_file id="fl-161">
         <path>C:\TI\CC3200SDK_1.1.0\cc3200-sdk\driverlib\ccs\Release\</path>
         <kind>archive</kind>
         <file>driverlib.a</file>
         <name>timer.obj</name>
      </input_file>
      <input_file id="fl-162">
         <path>C:\TI\CC3200SDK_1.1.0\cc3200-sdk\driverlib\ccs\Release\</path>
         <kind>archive</kind>
         <file>driverlib.a</file>
         <name>uart.obj</name>
      </input_file>
      <input_file id="fl-163">
         <path>C:\TI\CC3200SDK_1.1.0\cc3200-sdk\driverlib\ccs\Release\</path>
         <kind>archive</kind>
         <file>driverlib.a</file>
         <name>utils.obj</name>
      </input_file>
      <input_file id="fl-164">
         <path>C:\TI\CC3200SDK_1.1.0\cc3200-sdk\driverlib\ccs\Release\</path>
         <kind>archive</kind>
         <file>driverlib.a</file>
         <name>cpu.obj</name>
      </input_file>
      <input_file id="fl-165">
         <path>C:\TI\CC3200SDK_1.1.0\cc3200-sdk\driverlib\ccs\Release\</path>
         <kind>archive</kind>
         <file>driverlib.a</file>
         <name>flash.obj</name>
      </input_file>
   </input_file_list>
   <object_component_list>
      <object_component id="oc-f">
         <name>.intvecs</name>
         <load_address>0x20004000</load_address>
         <run_address>0x20004000</run_address>
         <size>0x400</size>
         <input_file_ref idref="fl-4"/>
      </object_component>
      <object_component id="oc-251">
         <name>.text</name>
         <load_address>0x20004400</load_address>
         <run_address>0x20004400</run_address>
         <size>0x10a6</size>
         <input_file_ref idref="fl-142"/>
      </object_component>
      <object_component id="oc-1b5">
         <name>.text</name>
         <load_address>0x200054a8</load_address>
         <run_address>0x200054a8</run_address>
         <size>0x3dc</size>
         <input_file_ref idref="fl-139"/>
      </object_component>
      <object_component id="oc-cc">
         <name>.text</name>
         <load_address>0x20005884</load_address>
         <run_address>0x20005884</run_address>
         <size>0x280</size>
         <input_file_ref idref="fl-5"/>
      </object_component>
      <object_component id="oc-9f">
         <name>.text</name>
         <load_address>0x20005b04</load_address>
         <run_address>0x20005b04</run_address>
         <size>0x26c</size>
         <input_file_ref idref="fl-2"/>
      </object_component>
      <object_component id="oc-294">
         <name>.text</name>
         <load_address>0x20005d70</load_address>
         <run_address>0x20005d70</run_address>
         <size>0x1f4</size>
         <input_file_ref idref="fl-152"/>
      </object_component>
      <object_component id="oc-2b8">
         <name>.text</name>
         <load_address>0x20005f64</load_address>
         <run_address>0x20005f64</run_address>
         <size>0x1b6</size>
         <input_file_ref idref="fl-148"/>
      </object_component>
      <object_component id="oc-29e">
         <name>.text</name>
         <load_address>0x2000611a</load_address>
         <run_address>0x2000611a</run_address>
         <size>0x136</size>
         <input_file_ref idref="fl-14a"/>
      </object_component>
      <object_component id="oc-e4">
         <name>.text:PRCMCC3200MCUInit</name>
         <load_address>0x20006250</load_address>
         <run_address>0x20006250</run_address>
         <size>0x134</size>
         <input_file_ref idref="fl-160"/>
      </object_component>
      <object_component id="oc-316">
         <name>.text</name>
         <load_address>0x20006384</load_address>
         <run_address>0x20006384</run_address>
         <size>0x110</size>
         <input_file_ref idref="fl-154"/>
      </object_component>
      <object_component id="oc-120">
         <name>.text</name>
         <load_address>0x20006494</load_address>
         <run_address>0x20006494</run_address>
         <size>0xfc</size>
         <input_file_ref idref="fl-131"/>
      </object_component>
      <object_component id="oc-33b">
         <name>.text</name>
         <load_address>0x20006590</load_address>
         <run_address>0x20006590</run_address>
         <size>0xbe</size>
         <input_file_ref idref="fl-15c"/>
      </object_component>
      <object_component id="oc-de">
         <name>.text:IntEnable</name>
         <load_address>0x20006650</load_address>
         <run_address>0x20006650</run_address>
         <size>0xa8</size>
         <input_file_ref idref="fl-15e"/>
      </object_component>
      <object_component id="oc-36">
         <name>.text</name>
         <load_address>0x200066f8</load_address>
         <run_address>0x200066f8</run_address>
         <size>0x9c</size>
         <input_file_ref idref="fl-137"/>
      </object_component>
      <object_component id="oc-185">
         <name>.text:PRCMPeripheralClockGet</name>
         <load_address>0x20006794</load_address>
         <run_address>0x20006794</run_address>
         <size>0x94</size>
         <input_file_ref idref="fl-160"/>
      </object_component>
      <object_component id="oc-12f">
         <name>.text</name>
         <load_address>0x20006828</load_address>
         <run_address>0x20006828</run_address>
         <size>0x92</size>
         <input_file_ref idref="fl-133"/>
      </object_component>
      <object_component id="oc-27d">
         <name>.text:PinConfigSet</name>
         <load_address>0x200068bc</load_address>
         <run_address>0x200068bc</run_address>
         <size>0x88</size>
         <input_file_ref idref="fl-15f"/>
      </object_component>
      <object_component id="oc-197">
         <name>.text</name>
         <load_address>0x20006944</load_address>
         <run_address>0x20006944</run_address>
         <size>0x88</size>
         <input_file_ref idref="fl-140"/>
      </object_component>
      <object_component id="oc-299">
         <name>.text:__aeabi_cdcmple</name>
         <load_address>0x200069cc</load_address>
         <run_address>0x200069cc</run_address>
         <size>0x86</size>
         <input_file_ref idref="fl-149"/>
      </object_component>
      <object_component id="oc-2a3">
         <name>.text:__aeabi_cdrcmple</name>
         <load_address>0x20006a52</load_address>
         <run_address>0x20006a52</run_address>
         <size>0x86</size>
         <input_file_ref idref="fl-149"/>
      </object_component>
      <object_component id="oc-102">
         <name>.text:GPIOIntTypeSet</name>
         <load_address>0x20006ad8</load_address>
         <run_address>0x20006ad8</run_address>
         <size>0x82</size>
         <input_file_ref idref="fl-15d"/>
      </object_component>
      <object_component id="oc-134">
         <name>.text</name>
         <load_address>0x20006b5a</load_address>
         <run_address>0x20006b5a</run_address>
         <size>0x7a</size>
         <input_file_ref idref="fl-134"/>
      </object_component>
      <object_component id="oc-4f">
         <name>.text</name>
         <load_address>0x20006bd4</load_address>
         <run_address>0x20006bd4</run_address>
         <size>0x7a</size>
         <input_file_ref idref="fl-13a"/>
      </object_component>
      <object_component id="oc-18b">
         <name>.text:UARTConfigSetExpClk</name>
         <load_address>0x20006c4e</load_address>
         <run_address>0x20006c4e</run_address>
         <size>0x76</size>
         <input_file_ref idref="fl-162"/>
      </object_component>
      <object_component id="oc-108">
         <name>.text:TimerIntRegister</name>
         <load_address>0x20006cc4</load_address>
         <run_address>0x20006cc4</run_address>
         <size>0x70</size>
         <input_file_ref idref="fl-161"/>
      </object_component>
      <object_component id="oc-61">
         <name>.text</name>
         <load_address>0x20006d34</load_address>
         <run_address>0x20006d34</run_address>
         <size>0x6c</size>
         <input_file_ref idref="fl-145"/>
      </object_component>
      <object_component id="oc-42">
         <name>.text</name>
         <load_address>0x20006da0</load_address>
         <run_address>0x20006da0</run_address>
         <size>0x6a</size>
         <input_file_ref idref="fl-12e"/>
      </object_component>
      <object_component id="oc-30e">
         <name>.text</name>
         <load_address>0x20006e0a</load_address>
         <run_address>0x20006e0a</run_address>
         <size>0x66</size>
         <input_file_ref idref="fl-155"/>
      </object_component>
      <object_component id="oc-ea">
         <name>.text</name>
         <load_address>0x20006e70</load_address>
         <run_address>0x20006e70</run_address>
         <size>0x64</size>
         <input_file_ref idref="fl-3"/>
      </object_component>
      <object_component id="oc-1ec">
         <name>.text:PRCMPeripheralReset</name>
         <load_address>0x20006ed4</load_address>
         <run_address>0x20006ed4</run_address>
         <size>0x58</size>
         <input_file_ref idref="fl-160"/>
      </object_component>
      <object_component id="oc-2ad">
         <name>.text</name>
         <load_address>0x20006f2c</load_address>
         <run_address>0x20006f2c</run_address>
         <size>0x56</size>
         <input_file_ref idref="fl-14f"/>
      </object_component>
      <object_component id="oc-2db">
         <name>.text</name>
         <load_address>0x20006f84</load_address>
         <run_address>0x20006f84</run_address>
         <size>0x4c</size>
         <input_file_ref idref="fl-144"/>
      </object_component>
      <object_component id="oc-97">
         <name>.text</name>
         <load_address>0x20006fd0</load_address>
         <run_address>0x20006fd0</run_address>
         <size>0x4c</size>
         <input_file_ref idref="fl-146"/>
      </object_component>
      <object_component id="oc-21e">
         <name>.text:GPIOGetIntNumber</name>
         <load_address>0x2000701c</load_address>
         <run_address>0x2000701c</run_address>
         <size>0x48</size>
         <input_file_ref idref="fl-15d"/>
      </object_component>
      <object_component id="oc-2a8">
         <name>.text</name>
         <load_address>0x20007064</load_address>
         <run_address>0x20007064</run_address>
         <size>0x48</size>
         <input_file_ref idref="fl-14b"/>
      </object_component>
      <object_component id="oc-2c3">
         <name>.text</name>
         <load_address>0x200070ac</load_address>
         <run_address>0x200070ac</run_address>
         <size>0x46</size>
         <input_file_ref idref="fl-14e"/>
      </object_component>
      <object_component id="oc-f0">
         <name>.text:TimerConfigure</name>
         <load_address>0x200070f4</load_address>
         <run_address>0x200070f4</run_address>
         <size>0x44</size>
         <input_file_ref idref="fl-161"/>
      </object_component>
      <object_component id="oc-6d">
         <name>.text</name>
         <load_address>0x20007138</load_address>
         <run_address>0x20007138</run_address>
         <size>0x44</size>
         <input_file_ref idref="fl-130"/>
      </object_component>
      <object_component id="oc-125">
         <name>.text</name>
         <load_address>0x2000717c</load_address>
         <run_address>0x2000717c</run_address>
         <size>0x44</size>
         <input_file_ref idref="fl-132"/>
      </object_component>
      <object_component id="oc-283">
         <name>.text:PinModeSet</name>
         <load_address>0x200071c0</load_address>
         <run_address>0x200071c0</run_address>
         <size>0x40</size>
         <input_file_ref idref="fl-15f"/>
      </object_component>
      <object_component id="oc-380">
         <name>.text</name>
         <load_address>0x20007200</load_address>
         <run_address>0x20007200</run_address>
         <size>0x40</size>
         <input_file_ref idref="fl-15b"/>
      </object_component>
      <object_component id="oc-1e6">
         <name>.text:PRCMPeripheralClkEnable</name>
         <load_address>0x20007240</load_address>
         <run_address>0x20007240</run_address>
         <size>0x3c</size>
         <input_file_ref idref="fl-160"/>
      </object_component>
      <object_component id="oc-24">
         <name>.text</name>
         <load_address>0x2000727c</load_address>
         <run_address>0x2000727c</run_address>
         <size>0x3c</size>
         <input_file_ref idref="fl-12c"/>
      </object_component>
      <object_component id="oc-13e">
         <name>.text</name>
         <load_address>0x200072b8</load_address>
         <run_address>0x200072b8</run_address>
         <size>0x38</size>
         <input_file_ref idref="fl-135"/>
      </object_component>
      <object_component id="oc-139">
         <name>.text</name>
         <load_address>0x200072f0</load_address>
         <run_address>0x200072f0</run_address>
         <size>0x38</size>
         <input_file_ref idref="fl-136"/>
      </object_component>
      <object_component id="oc-205">
         <name>.text:GPIODirModeSet</name>
         <load_address>0x20007328</load_address>
         <run_address>0x20007328</run_address>
         <size>0x36</size>
         <input_file_ref idref="fl-15d"/>
      </object_component>
      <object_component id="oc-34a">
         <name>.text</name>
         <load_address>0x20007360</load_address>
         <run_address>0x20007360</run_address>
         <size>0x34</size>
         <input_file_ref idref="fl-159"/>
      </object_component>
      <object_component id="oc-1ff">
         <name>.text:PinTypeGPIO</name>
         <load_address>0x20007394</load_address>
         <run_address>0x20007394</run_address>
         <size>0x30</size>
         <input_file_ref idref="fl-15f"/>
      </object_component>
      <object_component id="oc-243">
         <name>.text:UARTDisable</name>
         <load_address>0x200073c4</load_address>
         <run_address>0x200073c4</run_address>
         <size>0x30</size>
         <input_file_ref idref="fl-162"/>
      </object_component>
      <object_component id="oc-31c">
         <name>.text</name>
         <load_address>0x200073f4</load_address>
         <run_address>0x200073f4</run_address>
         <size>0x30</size>
         <input_file_ref idref="fl-156"/>
      </object_component>
      <object_component id="oc-2b3">
         <name>.text</name>
         <load_address>0x20007424</load_address>
         <run_address>0x20007424</run_address>
         <size>0x2e</size>
         <input_file_ref idref="fl-14d"/>
      </object_component>
      <object_component id="oc-370">
         <name>.text</name>
         <load_address>0x20007452</load_address>
         <run_address>0x20007452</run_address>
         <size>0x2e</size>
         <input_file_ref idref="fl-15a"/>
      </object_component>
      <object_component id="oc-1f8">
         <name>.text:PRCMSysResetCauseGet</name>
         <load_address>0x20007480</load_address>
         <run_address>0x20007480</run_address>
         <size>0x2c</size>
         <input_file_ref idref="fl-160"/>
      </object_component>
      <object_component id="oc-2cf">
         <name>.text</name>
         <load_address>0x200074ac</load_address>
         <run_address>0x200074ac</run_address>
         <size>0x2a</size>
         <input_file_ref idref="fl-153"/>
      </object_component>
      <object_component id="oc-1f2">
         <name>.text:PRCMPeripheralClkDisable</name>
         <load_address>0x200074d8</load_address>
         <run_address>0x200074d8</run_address>
         <size>0x28</size>
         <input_file_ref idref="fl-160"/>
      </object_component>
      <object_component id="oc-249">
         <name>.text:UARTEnable</name>
         <load_address>0x20007500</load_address>
         <run_address>0x20007500</run_address>
         <size>0x24</size>
         <input_file_ref idref="fl-162"/>
      </object_component>
      <object_component id="oc-1af">
         <name>.text</name>
         <load_address>0x20007524</load_address>
         <run_address>0x20007524</run_address>
         <size>0x24</size>
         <input_file_ref idref="fl-138"/>
      </object_component>
      <object_component id="oc-12a">
         <name>.text</name>
         <load_address>0x20007548</load_address>
         <run_address>0x20007548</run_address>
         <size>0x24</size>
         <input_file_ref idref="fl-13f"/>
      </object_component>
      <object_component id="oc-2bd">
         <name>.text</name>
         <load_address>0x2000756c</load_address>
         <run_address>0x2000756c</run_address>
         <size>0x22</size>
         <input_file_ref idref="fl-14c"/>
      </object_component>
      <object_component id="oc-114">
         <name>.text:GPIOPinWrite</name>
         <load_address>0x2000758e</load_address>
         <run_address>0x2000758e</run_address>
         <size>0x20</size>
         <input_file_ref idref="fl-15d"/>
      </object_component>
      <object_component id="oc-216">
         <name>.text:IntRegister</name>
         <load_address>0x200075b0</load_address>
         <run_address>0x200075b0</run_address>
         <size>0x20</size>
         <input_file_ref idref="fl-15e"/>
      </object_component>
      <object_component id="oc-11b">
         <name>.text</name>
         <load_address>0x200075d0</load_address>
         <run_address>0x200075d0</run_address>
         <size>0x20</size>
         <input_file_ref idref="fl-13e"/>
      </object_component>
      <object_component id="oc-10e">
         <name>.text:GPIOIntRegister</name>
         <load_address>0x200075f0</load_address>
         <run_address>0x200075f0</run_address>
         <size>0x1e</size>
         <input_file_ref idref="fl-15d"/>
      </object_component>
      <object_component id="oc-15b">
         <name>.text:TimerDisable</name>
         <load_address>0x2000760e</load_address>
         <run_address>0x2000760e</run_address>
         <size>0x1e</size>
         <input_file_ref idref="fl-161"/>
      </object_component>
      <object_component id="oc-f6">
         <name>.text:TimerEnable</name>
         <load_address>0x2000762c</load_address>
         <run_address>0x2000762c</run_address>
         <size>0x1e</size>
         <input_file_ref idref="fl-161"/>
      </object_component>
      <object_component id="oc-191">
         <name>.text:UARTCharPut</name>
         <load_address>0x2000764a</load_address>
         <run_address>0x2000764a</run_address>
         <size>0x1e</size>
         <input_file_ref idref="fl-162"/>
      </object_component>
      <object_component id="oc-14f">
         <name>.text:TimerLoadGet</name>
         <load_address>0x20007668</load_address>
         <run_address>0x20007668</run_address>
         <size>0x1c</size>
         <input_file_ref idref="fl-161"/>
      </object_component>
      <object_component id="oc-155">
         <name>.text:TimerValueGet</name>
         <load_address>0x20007684</load_address>
         <run_address>0x20007684</run_address>
         <size>0x1c</size>
         <input_file_ref idref="fl-161"/>
      </object_component>
      <object_component id="oc-1a3">
         <name>.text:UARTCharGetNonBlocking</name>
         <load_address>0x200076a0</load_address>
         <run_address>0x200076a0</run_address>
         <size>0x1c</size>
         <input_file_ref idref="fl-162"/>
      </object_component>
      <object_component id="oc-2d5">
         <name>.text</name>
         <load_address>0x200076bc</load_address>
         <run_address>0x200076bc</run_address>
         <size>0x1c</size>
         <input_file_ref idref="fl-150"/>
      </object_component>
      <object_component id="oc-fc">
         <name>.text:GPIOIntEnable</name>
         <load_address>0x200076d8</load_address>
         <run_address>0x200076d8</run_address>
         <size>0x1a</size>
         <input_file_ref idref="fl-15d"/>
      </object_component>
      <object_component id="oc-20b">
         <name>.text:PinTypeUART</name>
         <load_address>0x200076f2</load_address>
         <run_address>0x200076f2</run_address>
         <size>0x1a</size>
         <input_file_ref idref="fl-15f"/>
      </object_component>
      <object_component id="oc-149">
         <name>.text:GPIOPinRead</name>
         <load_address>0x2000770c</load_address>
         <run_address>0x2000770c</run_address>
         <size>0x18</size>
         <input_file_ref idref="fl-15d"/>
      </object_component>
      <object_component id="oc-19d">
         <name>.text:UARTCharsAvail</name>
         <load_address>0x20007724</load_address>
         <run_address>0x20007724</run_address>
         <size>0x18</size>
         <input_file_ref idref="fl-162"/>
      </object_component>
      <object_component id="oc-67">
         <name>.text</name>
         <load_address>0x2000773c</load_address>
         <run_address>0x2000773c</run_address>
         <size>0x18</size>
         <input_file_ref idref="fl-143"/>
      </object_component>
      <object_component id="oc-1da">
         <name>.text:PRCMHIBRegRead</name>
         <load_address>0x20007754</load_address>
         <run_address>0x20007754</run_address>
         <size>0x16</size>
         <input_file_ref idref="fl-160"/>
      </object_component>
      <object_component id="oc-1e0">
         <name>.text:PRCMHIBRegWrite</name>
         <load_address>0x2000776a</load_address>
         <run_address>0x2000776a</run_address>
         <size>0x16</size>
         <input_file_ref idref="fl-160"/>
      </object_component>
      <object_component id="oc-2c9">
         <name>.text</name>
         <load_address>0x20007780</load_address>
         <run_address>0x20007780</run_address>
         <size>0x16</size>
         <input_file_ref idref="fl-151"/>
      </object_component>
      <object_component id="oc-1ca">
         <name>.text:CPUcpsie</name>
         <load_address>0x20007796</load_address>
         <run_address>0x20007796</run_address>
         <size>0x14</size>
         <input_file_ref idref="fl-164"/>
      </object_component>
      <object_component id="oc-143">
         <name>.text:GPIOIntClear</name>
         <load_address>0x200077aa</load_address>
         <run_address>0x200077aa</run_address>
         <size>0x14</size>
         <input_file_ref idref="fl-15d"/>
      </object_component>
      <object_component id="oc-d2">
         <name>.text:IntVTableBaseSet</name>
         <load_address>0x200077c0</load_address>
         <run_address>0x200077c0</run_address>
         <size>0x14</size>
         <input_file_ref idref="fl-15e"/>
      </object_component>
      <object_component id="oc-170">
         <name>.text</name>
         <load_address>0x200077d4</load_address>
         <run_address>0x200077d4</run_address>
         <size>0x14</size>
         <input_file_ref idref="fl-141"/>
      </object_component>
      <object_component id="oc-1a9">
         <name>.text</name>
         <load_address>0x200077e8</load_address>
         <run_address>0x200077e8</run_address>
         <size>0x14</size>
         <input_file_ref idref="fl-13d"/>
      </object_component>
      <object_component id="oc-12">
         <name>.text:decompress:none</name>
         <load_address>0x200077fc</load_address>
         <run_address>0x200077fc</run_address>
         <size>0xe</size>
         <input_file_ref idref="fl-12d"/>
      </object_component>
      <object_component id="oc-2d">
         <name>.text</name>
         <load_address>0x2000780a</load_address>
         <run_address>0x2000780a</run_address>
         <size>0xe</size>
         <input_file_ref idref="fl-4"/>
      </object_component>
      <object_component id="oc-1e">
         <name>.text:decompress:ZI</name>
         <load_address>0x20007818</load_address>
         <run_address>0x20007818</run_address>
         <size>0xc</size>
         <input_file_ref idref="fl-12f"/>
      </object_component>
      <object_component id="oc-d8">
         <name>.text:IntMasterEnable</name>
         <load_address>0x20007824</load_address>
         <run_address>0x20007824</run_address>
         <size>0xa</size>
         <input_file_ref idref="fl-15e"/>
      </object_component>
      <object_component id="oc-11a">
         <name>.text:UtilsDelay</name>
         <load_address>0x2000782e</load_address>
         <run_address>0x2000782e</run_address>
         <size>0x6</size>
         <input_file_ref idref="fl-163"/>
      </object_component>
      <object_component id="oc-18">
         <name>.text:decompress:rle24</name>
         <load_address>0x20007834</load_address>
         <run_address>0x20007834</run_address>
         <size>0x6</size>
         <input_file_ref idref="fl-12e"/>
      </object_component>
      <object_component id="oc-5b">
         <name>.text</name>
         <load_address>0x2000783a</load_address>
         <run_address>0x2000783a</run_address>
         <size>0x4</size>
         <input_file_ref idref="fl-13b"/>
      </object_component>
      <object_component id="oc-32a">
         <name>.const:.string:_ctypes_</name>
         <load_address>0x20007840</load_address>
         <run_address>0x20007840</run_address>
         <size>0x101</size>
         <input_file_ref idref="fl-147"/>
      </object_component>
      <object_component id="oc-300">
         <name>.const:g_ulPinToPadMap</name>
         <load_address>0x20007944</load_address>
         <run_address>0x20007944</run_address>
         <size>0x100</size>
         <input_file_ref idref="fl-15f"/>
      </object_component>
      <object_component id="oc-275">
         <name>.const:PRCM_PeriphRegsList</name>
         <load_address>0x20007a44</load_address>
         <run_address>0x20007a44</run_address>
         <size>0xa8</size>
         <input_file_ref idref="fl-160"/>
      </object_component>
      <object_component id="oc-1d6">
         <name>.const</name>
         <load_address>0x20007aec</load_address>
         <run_address>0x20007aec</run_address>
         <size>0x80</size>
         <input_file_ref idref="fl-15e"/>
      </object_component>
      <object_component id="oc-164">
         <name>.const</name>
         <load_address>0x20007b70</load_address>
         <run_address>0x20007b70</run_address>
         <size>0x8</size>
         <input_file_ref idref="fl-2"/>
      </object_component>
      <object_component id="oc-3c6">
         <name>.cinit..data.load</name>
         <load_address>0x20007b78</load_address>
         <run_address>0x20007b78</run_address>
         <size>0x4e</size>
      </object_component>
      <object_component id="oc-3c4">
         <name>__TI_handler_table</name>
         <load_address>0x20007bc8</load_address>
         <run_address>0x20007bc8</run_address>
         <size>0xc</size>
      </object_component>
      <object_component id="oc-3c7">
         <name>.cinit..bss.load</name>
         <load_address>0x20007bd8</load_address>
         <run_address>0x20007bd8</run_address>
         <size>0x8</size>
      </object_component>
      <object_component id="oc-3c5">
         <name>__TI_cinit_table</name>
         <load_address>0x20007be0</load_address>
         <run_address>0x20007be0</run_address>
         <size>0x10</size>
      </object_component>
      <object_component id="oc-2a">
         <name>.sysmem</name>
         <uninitialized>true</uninitialized>
         <run_address>0x20017000</run_address>
         <size>0x8</size>
         <input_file_ref idref="fl-139"/>
      </object_component>
      <object_component id="oc-3c9">
         <name>.sysmem</name>
         <uninitialized>true</uninitialized>
         <run_address>0x20017000</run_address>
         <size>0x0</size>
      </object_component>
      <object_component id="oc-29">
         <name>.stack</name>
         <uninitialized>true</uninitialized>
         <run_address>0x2002f000</run_address>
         <size>0x0</size>
         <input_file_ref idref="fl-12c"/>
      </object_component>
      <object_component id="oc-3c8">
         <name>.stack</name>
         <uninitialized>true</uninitialized>
         <run_address>0x2002f000</run_address>
         <size>0x0</size>
      </object_component>
      <object_component id="oc-1bb">
         <name>.common:__Errorlog</name>
         <uninitialized>true</uninitialized>
         <run_address>0x20017964</run_address>
         <size>0x4</size>
      </object_component>
      <object_component id="oc-161">
         <name>.data</name>
         <load_address>0x2001793c</load_address>
         <run_address>0x2001793c</run_address>
         <size>0x8</size>
         <input_file_ref idref="fl-2"/>
      </object_component>
      <object_component id="oc-aa">
         <name>.data</name>
         <load_address>0x2001794c</load_address>
         <run_address>0x2001794c</run_address>
         <size>0x8</size>
         <input_file_ref idref="fl-130"/>
      </object_component>
      <object_component id="oc-269">
         <name>.data</name>
         <load_address>0x20017930</load_address>
         <run_address>0x20017930</run_address>
         <size>0xc</size>
         <input_file_ref idref="fl-139"/>
      </object_component>
      <object_component id="oc-73">
         <name>.data</name>
         <load_address>0x20017960</load_address>
         <run_address>0x20017960</run_address>
         <size>0x4</size>
         <input_file_ref idref="fl-13c"/>
      </object_component>
      <object_component id="oc-a7">
         <name>.data</name>
         <load_address>0x20017944</load_address>
         <run_address>0x20017944</run_address>
         <size>0x8</size>
         <input_file_ref idref="fl-141"/>
      </object_component>
      <object_component id="oc-345">
         <name>.data</name>
         <load_address>0x200178b0</load_address>
         <run_address>0x200178b0</run_address>
         <size>0x80</size>
         <input_file_ref idref="fl-157"/>
      </object_component>
      <object_component id="oc-350">
         <name>.data</name>
         <load_address>0x2001795c</load_address>
         <run_address>0x2001795c</run_address>
         <size>0x4</size>
         <input_file_ref idref="fl-158"/>
      </object_component>
      <object_component id="oc-376">
         <name>.data</name>
         <load_address>0x20017954</load_address>
         <run_address>0x20017954</run_address>
         <size>0x8</size>
         <input_file_ref idref="fl-159"/>
      </object_component>
      <object_component id="oc-391">
         <name>.data:sigtable</name>
         <load_address>0x20017800</load_address>
         <run_address>0x20017800</run_address>
         <size>0xb0</size>
         <input_file_ref idref="fl-15b"/>
      </object_component>
      <object_component id="oc-168">
         <name>.debug_info</name>
         <load_address>0x0</load_address>
         <run_address>0x0</run_address>
         <size>0x4c5</size>
         <input_file_ref idref="fl-2"/>
      </object_component>
      <object_component id="oc-165">
         <name>.debug_info</name>
         <load_address>0x4c5</load_address>
         <run_address>0x4c5</run_address>
         <size>0xc9</size>
         <input_file_ref idref="fl-2"/>
      </object_component>
      <object_component id="oc-162">
         <name>.debug_info</name>
         <load_address>0x58e</load_address>
         <run_address>0x58e</run_address>
         <size>0xec</size>
         <input_file_ref idref="fl-2"/>
      </object_component>
      <object_component id="oc-a0">
         <name>.debug_info</name>
         <load_address>0x67a</load_address>
         <run_address>0x67a</run_address>
         <size>0x562</size>
         <input_file_ref idref="fl-2"/>
      </object_component>
      <object_component id="oc-1c4">
         <name>.debug_info</name>
         <load_address>0xbdc</load_address>
         <run_address>0xbdc</run_address>
         <size>0x110</size>
         <input_file_ref idref="fl-2"/>
      </object_component>
      <object_component id="oc-2fb">
         <name>.debug_info</name>
         <load_address>0xcec</load_address>
         <run_address>0xcec</run_address>
         <size>0x62</size>
         <input_file_ref idref="fl-2"/>
      </object_component>
      <object_component id="oc-7e">
         <name>.debug_info</name>
         <load_address>0xd4e</load_address>
         <run_address>0xd4e</run_address>
         <size>0x84</size>
         <input_file_ref idref="fl-2"/>
      </object_component>
      <object_component id="oc-23a">
         <name>.debug_info</name>
         <load_address>0xdd2</load_address>
         <run_address>0xdd2</run_address>
         <size>0x18b</size>
         <input_file_ref idref="fl-2"/>
      </object_component>
      <object_component id="oc-1d1">
         <name>.debug_info</name>
         <load_address>0xf5d</load_address>
         <run_address>0xf5d</run_address>
         <size>0x2c</size>
         <input_file_ref idref="fl-2"/>
      </object_component>
      <object_component id="oc-1bf">
         <name>.debug_info</name>
         <load_address>0xf89</load_address>
         <run_address>0xf89</run_address>
         <size>0x4e</size>
         <input_file_ref idref="fl-2"/>
      </object_component>
      <object_component id="oc-eb">
         <name>.debug_info</name>
         <load_address>0xfd7</load_address>
         <run_address>0xfd7</run_address>
         <size>0x1f3</size>
         <input_file_ref idref="fl-3"/>
      </object_component>
      <object_component id="oc-35">
         <name>.debug_info</name>
         <load_address>0x11ca</load_address>
         <run_address>0x11ca</run_address>
         <size>0x128</size>
         <input_file_ref idref="fl-4"/>
      </object_component>
      <object_component id="oc-10">
         <name>.debug_info</name>
         <load_address>0x12f2</load_address>
         <run_address>0x12f2</run_address>
         <size>0x10d</size>
         <input_file_ref idref="fl-4"/>
      </object_component>
      <object_component id="oc-2e">
         <name>.debug_info</name>
         <load_address>0x13ff</load_address>
         <run_address>0x13ff</run_address>
         <size>0x42e</size>
         <input_file_ref idref="fl-4"/>
      </object_component>
      <object_component id="oc-1bc">
         <name>.debug_info</name>
         <load_address>0x182d</load_address>
         <run_address>0x182d</run_address>
         <size>0x3a8</size>
         <input_file_ref idref="fl-5"/>
      </object_component>
      <object_component id="oc-cd">
         <name>.debug_info</name>
         <load_address>0x1bd5</load_address>
         <run_address>0x1bd5</run_address>
         <size>0x8e1</size>
         <input_file_ref idref="fl-5"/>
      </object_component>
      <object_component id="oc-27">
         <name>.debug_info</name>
         <load_address>0x24b6</load_address>
         <run_address>0x24b6</run_address>
         <size>0x11c</size>
         <input_file_ref idref="fl-12c"/>
      </object_component>
      <object_component id="oc-41">
         <name>.debug_info</name>
         <load_address>0x25d2</load_address>
         <run_address>0x25d2</run_address>
         <size>0x109</size>
         <input_file_ref idref="fl-12d"/>
      </object_component>
      <object_component id="oc-14">
         <name>.debug_info</name>
         <load_address>0x26db</load_address>
         <run_address>0x26db</run_address>
         <size>0x1a8</size>
         <input_file_ref idref="fl-12d"/>
      </object_component>
      <object_component id="oc-3c">
         <name>.debug_info</name>
         <load_address>0x2883</load_address>
         <run_address>0x2883</run_address>
         <size>0x46</size>
         <input_file_ref idref="fl-12d"/>
      </object_component>
      <object_component id="oc-84">
         <name>.debug_info</name>
         <load_address>0x28c9</load_address>
         <run_address>0x28c9</run_address>
         <size>0x2c</size>
         <input_file_ref idref="fl-12d"/>
      </object_component>
      <object_component id="oc-49">
         <name>.debug_info</name>
         <load_address>0x28f5</load_address>
         <run_address>0x28f5</run_address>
         <size>0xfd</size>
         <input_file_ref idref="fl-12e"/>
      </object_component>
      <object_component id="oc-44">
         <name>.debug_info</name>
         <load_address>0x29f2</load_address>
         <run_address>0x29f2</run_address>
         <size>0x210</size>
         <input_file_ref idref="fl-12e"/>
      </object_component>
      <object_component id="oc-1a">
         <name>.debug_info</name>
         <load_address>0x2c02</load_address>
         <run_address>0x2c02</run_address>
         <size>0x17a</size>
         <input_file_ref idref="fl-12e"/>
      </object_component>
      <object_component id="oc-4a">
         <name>.debug_info</name>
         <load_address>0x2d7c</load_address>
         <run_address>0x2d7c</run_address>
         <size>0x39</size>
         <input_file_ref idref="fl-12e"/>
      </object_component>
      <object_component id="oc-8e">
         <name>.debug_info</name>
         <load_address>0x2db5</load_address>
         <run_address>0x2db5</run_address>
         <size>0x2c</size>
         <input_file_ref idref="fl-12e"/>
      </object_component>
      <object_component id="oc-5a">
         <name>.debug_info</name>
         <load_address>0x2de1</load_address>
         <run_address>0x2de1</run_address>
         <size>0xf8</size>
         <input_file_ref idref="fl-12f"/>
      </object_component>
      <object_component id="oc-20">
         <name>.debug_info</name>
         <load_address>0x2ed9</load_address>
         <run_address>0x2ed9</run_address>
         <size>0x173</size>
         <input_file_ref idref="fl-12f"/>
      </object_component>
      <object_component id="oc-55">
         <name>.debug_info</name>
         <load_address>0x304c</load_address>
         <run_address>0x304c</run_address>
         <size>0x46</size>
         <input_file_ref idref="fl-12f"/>
      </object_component>
      <object_component id="oc-ae">
         <name>.debug_info</name>
         <load_address>0x3092</load_address>
         <run_address>0x3092</run_address>
         <size>0x15a</size>
         <input_file_ref idref="fl-130"/>
      </object_component>
      <object_component id="oc-ab">
         <name>.debug_info</name>
         <load_address>0x31ec</load_address>
         <run_address>0x31ec</run_address>
         <size>0xff</size>
         <input_file_ref idref="fl-130"/>
      </object_component>
      <object_component id="oc-6e">
         <name>.debug_info</name>
         <load_address>0x32eb</load_address>
         <run_address>0x32eb</run_address>
         <size>0x1d6</size>
         <input_file_ref idref="fl-130"/>
      </object_component>
      <object_component id="oc-121">
         <name>.debug_info</name>
         <load_address>0x34c1</load_address>
         <run_address>0x34c1</run_address>
         <size>0xff</size>
         <input_file_ref idref="fl-131"/>
      </object_component>
      <object_component id="oc-126">
         <name>.debug_info</name>
         <load_address>0x35c0</load_address>
         <run_address>0x35c0</run_address>
         <size>0xfe</size>
         <input_file_ref idref="fl-132"/>
      </object_component>
      <object_component id="oc-130">
         <name>.debug_info</name>
         <load_address>0x36be</load_address>
         <run_address>0x36be</run_address>
         <size>0xff</size>
         <input_file_ref idref="fl-133"/>
      </object_component>
      <object_component id="oc-135">
         <name>.debug_info</name>
         <load_address>0x37bd</load_address>
         <run_address>0x37bd</run_address>
         <size>0xff</size>
         <input_file_ref idref="fl-134"/>
      </object_component>
      <object_component id="oc-13f">
         <name>.debug_info</name>
         <load_address>0x38bc</load_address>
         <run_address>0x38bc</run_address>
         <size>0xf1</size>
         <input_file_ref idref="fl-135"/>
      </object_component>
      <object_component id="oc-13a">
         <name>.debug_info</name>
         <load_address>0x39ad</load_address>
         <run_address>0x39ad</run_address>
         <size>0xf3</size>
         <input_file_ref idref="fl-136"/>
      </object_component>
      <object_component id="oc-37">
         <name>.debug_info</name>
         <load_address>0x3aa0</load_address>
         <run_address>0x3aa0</run_address>
         <size>0xde</size>
         <input_file_ref idref="fl-137"/>
      </object_component>
      <object_component id="oc-268">
         <name>.debug_info</name>
         <load_address>0x3b7e</load_address>
         <run_address>0x3b7e</run_address>
         <size>0xf5</size>
         <input_file_ref idref="fl-138"/>
      </object_component>
      <object_component id="oc-1b0">
         <name>.debug_info</name>
         <load_address>0x3c73</load_address>
         <run_address>0x3c73</run_address>
         <size>0x174</size>
         <input_file_ref idref="fl-138"/>
      </object_component>
      <object_component id="oc-79">
         <name>.debug_info</name>
         <load_address>0x3de7</load_address>
         <run_address>0x3de7</run_address>
         <size>0x1eb</size>
         <input_file_ref idref="fl-139"/>
      </object_component>
      <object_component id="oc-2b">
         <name>.debug_info</name>
         <load_address>0x3fd2</load_address>
         <run_address>0x3fd2</run_address>
         <size>0xca</size>
         <input_file_ref idref="fl-139"/>
      </object_component>
      <object_component id="oc-26a">
         <name>.debug_info</name>
         <load_address>0x409c</load_address>
         <run_address>0x409c</run_address>
         <size>0x115</size>
         <input_file_ref idref="fl-139"/>
      </object_component>
      <object_component id="oc-1b6">
         <name>.debug_info</name>
         <load_address>0x41b1</load_address>
         <run_address>0x41b1</run_address>
         <size>0x854</size>
         <input_file_ref idref="fl-139"/>
      </object_component>
      <object_component id="oc-b4">
         <name>.debug_info</name>
         <load_address>0x4a05</load_address>
         <run_address>0x4a05</run_address>
         <size>0x2c</size>
         <input_file_ref idref="fl-139"/>
      </object_component>
      <object_component id="oc-b9">
         <name>.debug_info</name>
         <load_address>0x4a31</load_address>
         <run_address>0x4a31</run_address>
         <size>0x62</size>
         <input_file_ref idref="fl-139"/>
      </object_component>
      <object_component id="oc-50">
         <name>.debug_info</name>
         <load_address>0x4a93</load_address>
         <run_address>0x4a93</run_address>
         <size>0x10c</size>
         <input_file_ref idref="fl-13a"/>
      </object_component>
      <object_component id="oc-5d">
         <name>.debug_info</name>
         <load_address>0x4b9f</load_address>
         <run_address>0x4b9f</run_address>
         <size>0x111</size>
         <input_file_ref idref="fl-13b"/>
      </object_component>
      <object_component id="oc-74">
         <name>.debug_info</name>
         <load_address>0x4cb0</load_address>
         <run_address>0x4cb0</run_address>
         <size>0xd2</size>
         <input_file_ref idref="fl-13c"/>
      </object_component>
      <object_component id="oc-266">
         <name>.debug_info</name>
         <load_address>0x4d82</load_address>
         <run_address>0x4d82</run_address>
         <size>0xb3</size>
         <input_file_ref idref="fl-13d"/>
      </object_component>
      <object_component id="oc-1aa">
         <name>.debug_info</name>
         <load_address>0x4e35</load_address>
         <run_address>0x4e35</run_address>
         <size>0x193</size>
         <input_file_ref idref="fl-13d"/>
      </object_component>
      <object_component id="oc-11e">
         <name>.debug_info</name>
         <load_address>0x4fc8</load_address>
         <run_address>0x4fc8</run_address>
         <size>0xf3</size>
         <input_file_ref idref="fl-13e"/>
      </object_component>
      <object_component id="oc-12c">
         <name>.debug_info</name>
         <load_address>0x50bb</load_address>
         <run_address>0x50bb</run_address>
         <size>0xf0</size>
         <input_file_ref idref="fl-13f"/>
      </object_component>
      <object_component id="oc-258">
         <name>.debug_info</name>
         <load_address>0x51ab</load_address>
         <run_address>0x51ab</run_address>
         <size>0x191</size>
         <input_file_ref idref="fl-140"/>
      </object_component>
      <object_component id="oc-198">
         <name>.debug_info</name>
         <load_address>0x533c</load_address>
         <run_address>0x533c</run_address>
         <size>0x325</size>
         <input_file_ref idref="fl-140"/>
      </object_component>
      <object_component id="oc-259">
         <name>.debug_info</name>
         <load_address>0x5661</load_address>
         <run_address>0x5661</run_address>
         <size>0x2c</size>
         <input_file_ref idref="fl-140"/>
      </object_component>
      <object_component id="oc-25e">
         <name>.debug_info</name>
         <load_address>0x568d</load_address>
         <run_address>0x568d</run_address>
         <size>0x69</size>
         <input_file_ref idref="fl-140"/>
      </object_component>
      <object_component id="oc-178">
         <name>.debug_info</name>
         <load_address>0x56f6</load_address>
         <run_address>0x56f6</run_address>
         <size>0xed</size>
         <input_file_ref idref="fl-141"/>
      </object_component>
      <object_component id="oc-a8">
         <name>.debug_info</name>
         <load_address>0x57e3</load_address>
         <run_address>0x57e3</run_address>
         <size>0xdc</size>
         <input_file_ref idref="fl-141"/>
      </object_component>
      <object_component id="oc-173">
         <name>.debug_info</name>
         <load_address>0x58bf</load_address>
         <run_address>0x58bf</run_address>
         <size>0x1e8</size>
         <input_file_ref idref="fl-141"/>
      </object_component>
      <object_component id="oc-2e2">
         <name>.debug_info</name>
         <load_address>0x5aa7</load_address>
         <run_address>0x5aa7</run_address>
         <size>0x320</size>
         <input_file_ref idref="fl-142"/>
      </object_component>
      <object_component id="oc-252">
         <name>.debug_info</name>
         <load_address>0x5dc7</load_address>
         <run_address>0x5dc7</run_address>
         <size>0x17d0</size>
         <input_file_ref idref="fl-142"/>
      </object_component>
      <object_component id="oc-2e3">
         <name>.debug_info</name>
         <load_address>0x7597</load_address>
         <run_address>0x7597</run_address>
         <size>0x86</size>
         <input_file_ref idref="fl-142"/>
      </object_component>
      <object_component id="oc-331">
         <name>.debug_info</name>
         <load_address>0x761d</load_address>
         <run_address>0x761d</run_address>
         <size>0x46</size>
         <input_file_ref idref="fl-142"/>
      </object_component>
      <object_component id="oc-2e8">
         <name>.debug_info</name>
         <load_address>0x7663</load_address>
         <run_address>0x7663</run_address>
         <size>0x39</size>
         <input_file_ref idref="fl-142"/>
      </object_component>
      <object_component id="oc-a6">
         <name>.debug_info</name>
         <load_address>0x769c</load_address>
         <run_address>0x769c</run_address>
         <size>0x12f</size>
         <input_file_ref idref="fl-143"/>
      </object_component>
      <object_component id="oc-6a">
         <name>.debug_info</name>
         <load_address>0x77cb</load_address>
         <run_address>0x77cb</run_address>
         <size>0x130</size>
         <input_file_ref idref="fl-143"/>
      </object_component>
      <object_component id="oc-16b">
         <name>.debug_info</name>
         <load_address>0x78fb</load_address>
         <run_address>0x78fb</run_address>
         <size>0x5e</size>
         <input_file_ref idref="fl-143"/>
      </object_component>
      <object_component id="oc-32e">
         <name>.debug_info</name>
         <load_address>0x7959</load_address>
         <run_address>0x7959</run_address>
         <size>0xdd</size>
         <input_file_ref idref="fl-144"/>
      </object_component>
      <object_component id="oc-2dc">
         <name>.debug_info</name>
         <load_address>0x7a36</load_address>
         <run_address>0x7a36</run_address>
         <size>0x13a</size>
         <input_file_ref idref="fl-144"/>
      </object_component>
      <object_component id="oc-9e">
         <name>.debug_info</name>
         <load_address>0x7b70</load_address>
         <run_address>0x7b70</run_address>
         <size>0x286</size>
         <input_file_ref idref="fl-145"/>
      </object_component>
      <object_component id="oc-62">
         <name>.debug_info</name>
         <load_address>0x7df6</load_address>
         <run_address>0x7df6</run_address>
         <size>0x140</size>
         <input_file_ref idref="fl-145"/>
      </object_component>
      <object_component id="oc-c2">
         <name>.debug_info</name>
         <load_address>0x7f36</load_address>
         <run_address>0x7f36</run_address>
         <size>0x39</size>
         <input_file_ref idref="fl-145"/>
      </object_component>
      <object_component id="oc-c7">
         <name>.debug_info</name>
         <load_address>0x7f6f</load_address>
         <run_address>0x7f6f</run_address>
         <size>0xcd</size>
         <input_file_ref idref="fl-145"/>
      </object_component>
      <object_component id="oc-bf">
         <name>.debug_info</name>
         <load_address>0x803c</load_address>
         <run_address>0x803c</run_address>
         <size>0x1a9</size>
         <input_file_ref idref="fl-146"/>
      </object_component>
      <object_component id="oc-98">
         <name>.debug_info</name>
         <load_address>0x81e5</load_address>
         <run_address>0x81e5</run_address>
         <size>0x14c</size>
         <input_file_ref idref="fl-146"/>
      </object_component>
      <object_component id="oc-180">
         <name>.debug_info</name>
         <load_address>0x8331</load_address>
         <run_address>0x8331</run_address>
         <size>0x2c</size>
         <input_file_ref idref="fl-146"/>
      </object_component>
      <object_component id="oc-35e">
         <name>.debug_info</name>
         <load_address>0x835d</load_address>
         <run_address>0x835d</run_address>
         <size>0xb7</size>
         <input_file_ref idref="fl-147"/>
      </object_component>
      <object_component id="oc-32b">
         <name>.debug_info</name>
         <load_address>0x8414</load_address>
         <run_address>0x8414</run_address>
         <size>0xc3</size>
         <input_file_ref idref="fl-147"/>
      </object_component>
      <object_component id="oc-2b9">
         <name>.debug_info</name>
         <load_address>0x84d7</load_address>
         <run_address>0x84d7</run_address>
         <size>0x111</size>
         <input_file_ref idref="fl-148"/>
      </object_component>
      <object_component id="oc-29a">
         <name>.debug_info</name>
         <load_address>0x85e8</load_address>
         <run_address>0x85e8</run_address>
         <size>0xed</size>
         <input_file_ref idref="fl-149"/>
      </object_component>
      <object_component id="oc-2a4">
         <name>.debug_info</name>
         <load_address>0x86d5</load_address>
         <run_address>0x86d5</run_address>
         <size>0xef</size>
         <input_file_ref idref="fl-149"/>
      </object_component>
      <object_component id="oc-29f">
         <name>.debug_info</name>
         <load_address>0x87c4</load_address>
         <run_address>0x87c4</run_address>
         <size>0xff</size>
         <input_file_ref idref="fl-14a"/>
      </object_component>
      <object_component id="oc-2a9">
         <name>.debug_info</name>
         <load_address>0x88c3</load_address>
         <run_address>0x88c3</run_address>
         <size>0xf3</size>
         <input_file_ref idref="fl-14b"/>
      </object_component>
      <object_component id="oc-315">
         <name>.debug_info</name>
         <load_address>0x89b6</load_address>
         <run_address>0x89b6</run_address>
         <size>0xe6</size>
         <input_file_ref idref="fl-14c"/>
      </object_component>
      <object_component id="oc-2be">
         <name>.debug_info</name>
         <load_address>0x8a9c</load_address>
         <run_address>0x8a9c</run_address>
         <size>0x155</size>
         <input_file_ref idref="fl-14c"/>
      </object_component>
      <object_component id="oc-2b5">
         <name>.debug_info</name>
         <load_address>0x8bf1</load_address>
         <run_address>0x8bf1</run_address>
         <size>0xf1</size>
         <input_file_ref idref="fl-14d"/>
      </object_component>
      <object_component id="oc-323">
         <name>.debug_info</name>
         <load_address>0x8ce2</load_address>
         <run_address>0x8ce2</run_address>
         <size>0x12a</size>
         <input_file_ref idref="fl-14e"/>
      </object_component>
      <object_component id="oc-2c4">
         <name>.debug_info</name>
         <load_address>0x8e0c</load_address>
         <run_address>0x8e0c</run_address>
         <size>0x14c</size>
         <input_file_ref idref="fl-14e"/>
      </object_component>
      <object_component id="oc-30b">
         <name>.debug_info</name>
         <load_address>0x8f58</load_address>
         <run_address>0x8f58</run_address>
         <size>0x115</size>
         <input_file_ref idref="fl-14f"/>
      </object_component>
      <object_component id="oc-2ae">
         <name>.debug_info</name>
         <load_address>0x906d</load_address>
         <run_address>0x906d</run_address>
         <size>0x18b</size>
         <input_file_ref idref="fl-14f"/>
      </object_component>
      <object_component id="oc-329">
         <name>.debug_info</name>
         <load_address>0x91f8</load_address>
         <run_address>0x91f8</run_address>
         <size>0xba</size>
         <input_file_ref idref="fl-150"/>
      </object_component>
      <object_component id="oc-2d6">
         <name>.debug_info</name>
         <load_address>0x92b2</load_address>
         <run_address>0x92b2</run_address>
         <size>0x174</size>
         <input_file_ref idref="fl-150"/>
      </object_component>
      <object_component id="oc-325">
         <name>.debug_info</name>
         <load_address>0x9426</load_address>
         <run_address>0x9426</run_address>
         <size>0xbe</size>
         <input_file_ref idref="fl-151"/>
      </object_component>
      <object_component id="oc-2ca">
         <name>.debug_info</name>
         <load_address>0x94e4</load_address>
         <run_address>0x94e4</run_address>
         <size>0x1ad</size>
         <input_file_ref idref="fl-151"/>
      </object_component>
      <object_component id="oc-296">
         <name>.debug_info</name>
         <load_address>0x9691</load_address>
         <run_address>0x9691</run_address>
         <size>0x14a</size>
         <input_file_ref idref="fl-152"/>
      </object_component>
      <object_component id="oc-327">
         <name>.debug_info</name>
         <load_address>0x97db</load_address>
         <run_address>0x97db</run_address>
         <size>0xdb</size>
         <input_file_ref idref="fl-153"/>
      </object_component>
      <object_component id="oc-2d0">
         <name>.debug_info</name>
         <load_address>0x98b6</load_address>
         <run_address>0x98b6</run_address>
         <size>0x11c</size>
         <input_file_ref idref="fl-153"/>
      </object_component>
      <object_component id="oc-349">
         <name>.debug_info</name>
         <load_address>0x99d2</load_address>
         <run_address>0x99d2</run_address>
         <size>0xf9</size>
         <input_file_ref idref="fl-154"/>
      </object_component>
      <object_component id="oc-317">
         <name>.debug_info</name>
         <load_address>0x9acb</load_address>
         <run_address>0x9acb</run_address>
         <size>0x17a</size>
         <input_file_ref idref="fl-154"/>
      </object_component>
      <object_component id="oc-369">
         <name>.debug_info</name>
         <load_address>0x9c45</load_address>
         <run_address>0x9c45</run_address>
         <size>0x86</size>
         <input_file_ref idref="fl-154"/>
      </object_component>
      <object_component id="oc-342">
         <name>.debug_info</name>
         <load_address>0x9ccb</load_address>
         <run_address>0x9ccb</run_address>
         <size>0xe3</size>
         <input_file_ref idref="fl-155"/>
      </object_component>
      <object_component id="oc-30f">
         <name>.debug_info</name>
         <load_address>0x9dae</load_address>
         <run_address>0x9dae</run_address>
         <size>0x15b</size>
         <input_file_ref idref="fl-155"/>
      </object_component>
      <object_component id="oc-31d">
         <name>.debug_info</name>
         <load_address>0x9f09</load_address>
         <run_address>0x9f09</run_address>
         <size>0x13b</size>
         <input_file_ref idref="fl-156"/>
      </object_component>
      <object_component id="oc-346">
         <name>.debug_info</name>
         <load_address>0xa044</load_address>
         <run_address>0xa044</run_address>
         <size>0x19d</size>
         <input_file_ref idref="fl-157"/>
      </object_component>
      <object_component id="oc-351">
         <name>.debug_info</name>
         <load_address>0xa1e1</load_address>
         <run_address>0xa1e1</run_address>
         <size>0xbe</size>
         <input_file_ref idref="fl-158"/>
      </object_component>
      <object_component id="oc-38f">
         <name>.debug_info</name>
         <load_address>0xa29f</load_address>
         <run_address>0xa29f</run_address>
         <size>0x126</size>
         <input_file_ref idref="fl-159"/>
      </object_component>
      <object_component id="oc-377">
         <name>.debug_info</name>
         <load_address>0xa3c5</load_address>
         <run_address>0xa3c5</run_address>
         <size>0xf6</size>
         <input_file_ref idref="fl-159"/>
      </object_component>
      <object_component id="oc-34b">
         <name>.debug_info</name>
         <load_address>0xa4bb</load_address>
         <run_address>0xa4bb</run_address>
         <size>0x157</size>
         <input_file_ref idref="fl-159"/>
      </object_component>
      <object_component id="oc-38a">
         <name>.debug_info</name>
         <load_address>0xa612</load_address>
         <run_address>0xa612</run_address>
         <size>0x6f</size>
         <input_file_ref idref="fl-159"/>
      </object_component>
      <object_component id="oc-387">
         <name>.debug_info</name>
         <load_address>0xa681</load_address>
         <run_address>0xa681</run_address>
         <size>0xe5</size>
         <input_file_ref idref="fl-15a"/>
      </object_component>
      <object_component id="oc-371">
         <name>.debug_info</name>
         <load_address>0xa766</load_address>
         <run_address>0xa766</run_address>
         <size>0x13c</size>
         <input_file_ref idref="fl-15a"/>
      </object_component>
      <object_component id="oc-398">
         <name>.debug_info</name>
         <load_address>0xa8a2</load_address>
         <run_address>0xa8a2</run_address>
         <size>0x2c</size>
         <input_file_ref idref="fl-15a"/>
      </object_component>
      <object_component id="oc-395">
         <name>.debug_info</name>
         <load_address>0xa8ce</load_address>
         <run_address>0xa8ce</run_address>
         <size>0x105</size>
         <input_file_ref idref="fl-15b"/>
      </object_component>
      <object_component id="oc-392">
         <name>.debug_info</name>
         <load_address>0xa9d3</load_address>
         <run_address>0xa9d3</run_address>
         <size>0xc3</size>
         <input_file_ref idref="fl-15b"/>
      </object_component>
      <object_component id="oc-381">
         <name>.debug_info</name>
         <load_address>0xaa96</load_address>
         <run_address>0xaa96</run_address>
         <size>0x152</size>
         <input_file_ref idref="fl-15b"/>
      </object_component>
      <object_component id="oc-364">
         <name>.debug_info</name>
         <load_address>0xabe8</load_address>
         <run_address>0xabe8</run_address>
         <size>0xae</size>
         <input_file_ref idref="fl-15c"/>
      </object_component>
      <object_component id="oc-33d">
         <name>.debug_info</name>
         <load_address>0xac96</load_address>
         <run_address>0xac96</run_address>
         <size>0x135</size>
         <input_file_ref idref="fl-15c"/>
      </object_component>
      <object_component id="oc-225">
         <name>.debug_info</name>
         <load_address>0xadcb</load_address>
         <run_address>0xadcb</run_address>
         <size>0x186</size>
         <input_file_ref idref="fl-15d"/>
      </object_component>
      <object_component id="oc-21f">
         <name>.debug_info</name>
         <load_address>0xaf51</load_address>
         <run_address>0xaf51</run_address>
         <size>0x1c2</size>
         <input_file_ref idref="fl-15d"/>
      </object_component>
      <object_component id="oc-206">
         <name>.debug_info</name>
         <load_address>0xb113</load_address>
         <run_address>0xb113</run_address>
         <size>0x201</size>
         <input_file_ref idref="fl-15d"/>
      </object_component>
      <object_component id="oc-103">
         <name>.debug_info</name>
         <load_address>0xb314</load_address>
         <run_address>0xb314</run_address>
         <size>0x20c</size>
         <input_file_ref idref="fl-15d"/>
      </object_component>
      <object_component id="oc-fd">
         <name>.debug_info</name>
         <load_address>0xb520</load_address>
         <run_address>0xb520</run_address>
         <size>0x1e3</size>
         <input_file_ref idref="fl-15d"/>
      </object_component>
      <object_component id="oc-144">
         <name>.debug_info</name>
         <load_address>0xb703</load_address>
         <run_address>0xb703</run_address>
         <size>0x1e1</size>
         <input_file_ref idref="fl-15d"/>
      </object_component>
      <object_component id="oc-10f">
         <name>.debug_info</name>
         <load_address>0xb8e4</load_address>
         <run_address>0xb8e4</run_address>
         <size>0x22c</size>
         <input_file_ref idref="fl-15d"/>
      </object_component>
      <object_component id="oc-14a">
         <name>.debug_info</name>
         <load_address>0xbb10</load_address>
         <run_address>0xbb10</run_address>
         <size>0x1d3</size>
         <input_file_ref idref="fl-15d"/>
      </object_component>
      <object_component id="oc-116">
         <name>.debug_info</name>
         <load_address>0xbce3</load_address>
         <run_address>0xbce3</run_address>
         <size>0x1f8</size>
         <input_file_ref idref="fl-15d"/>
      </object_component>
      <object_component id="oc-272">
         <name>.debug_info</name>
         <load_address>0xbedb</load_address>
         <run_address>0xbedb</run_address>
         <size>0x1a7</size>
         <input_file_ref idref="fl-15e"/>
      </object_component>
      <object_component id="oc-1d7">
         <name>.debug_info</name>
         <load_address>0xc082</load_address>
         <run_address>0xc082</run_address>
         <size>0x1aa</size>
         <input_file_ref idref="fl-15e"/>
      </object_component>
      <object_component id="oc-d9">
         <name>.debug_info</name>
         <load_address>0xc22c</load_address>
         <run_address>0xc22c</run_address>
         <size>0x1a0</size>
         <input_file_ref idref="fl-15e"/>
      </object_component>
      <object_component id="oc-d3">
         <name>.debug_info</name>
         <load_address>0xc3cc</load_address>
         <run_address>0xc3cc</run_address>
         <size>0x1d2</size>
         <input_file_ref idref="fl-15e"/>
      </object_component>
      <object_component id="oc-217">
         <name>.debug_info</name>
         <load_address>0xc59e</load_address>
         <run_address>0xc59e</run_address>
         <size>0x21c</size>
         <input_file_ref idref="fl-15e"/>
      </object_component>
      <object_component id="oc-df">
         <name>.debug_info</name>
         <load_address>0xc7ba</load_address>
         <run_address>0xc7ba</run_address>
         <size>0x1c3</size>
         <input_file_ref idref="fl-15e"/>
      </object_component>
      <object_component id="oc-338">
         <name>.debug_info</name>
         <load_address>0xc97d</load_address>
         <run_address>0xc97d</run_address>
         <size>0xf4</size>
         <input_file_ref idref="fl-15f"/>
      </object_component>
      <object_component id="oc-301">
         <name>.debug_info</name>
         <load_address>0xca71</load_address>
         <run_address>0xca71</run_address>
         <size>0x102</size>
         <input_file_ref idref="fl-15f"/>
      </object_component>
      <object_component id="oc-284">
         <name>.debug_info</name>
         <load_address>0xcb73</load_address>
         <run_address>0xcb73</run_address>
         <size>0x1e3</size>
         <input_file_ref idref="fl-15f"/>
      </object_component>
      <object_component id="oc-27e">
         <name>.debug_info</name>
         <load_address>0xcd56</load_address>
         <run_address>0xcd56</run_address>
         <size>0x231</size>
         <input_file_ref idref="fl-15f"/>
      </object_component>
      <object_component id="oc-20c">
         <name>.debug_info</name>
         <load_address>0xcf87</load_address>
         <run_address>0xcf87</run_address>
         <size>0x1f8</size>
         <input_file_ref idref="fl-15f"/>
      </object_component>
      <object_component id="oc-201">
         <name>.debug_info</name>
         <load_address>0xd17f</load_address>
         <run_address>0xd17f</run_address>
         <size>0x246</size>
         <input_file_ref idref="fl-15f"/>
      </object_component>
      <object_component id="oc-27a">
         <name>.debug_info</name>
         <load_address>0xd3c5</load_address>
         <run_address>0xd3c5</run_address>
         <size>0x204</size>
         <input_file_ref idref="fl-160"/>
      </object_component>
      <object_component id="oc-276">
         <name>.debug_info</name>
         <load_address>0xd5c9</load_address>
         <run_address>0xd5c9</run_address>
         <size>0x10b</size>
         <input_file_ref idref="fl-160"/>
      </object_component>
      <object_component id="oc-1f9">
         <name>.debug_info</name>
         <load_address>0xd6d4</load_address>
[...]
         <object_component_ref idref="oc-24"/>
      </symbol>
      <symbol id="sm-f9">
         <name>__stack</name>
         <value>0x2002f000</value>
         <object_component_ref idref="oc-29"/>
      </symbol>
      <symbol id="sm-110">
         <name>__TI_decompress_none</name>
         <value>0x200077fd</value>
         <object_component_ref idref="oc-12"/>
      </symbol>
      <symbol id="sm-138">
         <name>__TI_decompress_rle24</name>
         <value>0x20007835</value>
         <object_component_ref idref="oc-18"/>
      </symbol>
      <symbol id="sm-14a">
         <name>__TI_zero_init</name>
         <value>0x20007819</value>
         <object_component_ref idref="oc-1e"/>
      </symbol>
      <symbol id="sm-169">
         <name>C$$EXIT</name>
         <value>0x20007139</value>
         <object_component_ref idref="oc-6d"/>
      </symbol>
      <symbol id="sm-16a">
         <name>abort</name>
         <value>0x2000713d</value>
         <object_component_ref idref="oc-6d"/>
      </symbol>
      <symbol id="sm-16b">
         <name>exit</name>
         <value>0x20007145</value>
         <object_component_ref idref="oc-6d"/>
      </symbol>
      <symbol id="sm-16c">
         <name>__TI_dtors_ptr</name>
         <value>0x20017950</value>
         <object_component_ref idref="oc-aa"/>
      </symbol>
      <symbol id="sm-16d">
         <name>__TI_cleanup_ptr</name>
         <value>0x2001794c</value>
         <object_component_ref idref="oc-aa"/>
      </symbol>
      <symbol id="sm-184">
         <name>__aeabi_dmul</name>
         <value>0x20006495</value>
         <object_component_ref idref="oc-120"/>
      </symbol>
      <symbol id="sm-191">
         <name>__aeabi_d2uiz</name>
         <value>0x2000717d</value>
         <object_component_ref idref="oc-125"/>
      </symbol>
      <symbol id="sm-1a6">
         <name>__aeabi_fdiv</name>
         <value>0x20006829</value>
         <object_component_ref idref="oc-12f"/>
      </symbol>
      <symbol id="sm-1b8">
         <name>__aeabi_fmul</name>
         <value>0x20006b5b</value>
         <object_component_ref idref="oc-134"/>
      </symbol>
      <symbol id="sm-1c6">
         <name>__aeabi_f2d</name>
         <value>0x200072b9</value>
         <object_component_ref idref="oc-13e"/>
      </symbol>
      <symbol id="sm-1d2">
         <name>__aeabi_f2iz</name>
         <value>0x200072f1</value>
         <object_component_ref idref="oc-139"/>
      </symbol>
      <symbol id="sm-1ed">
         <name>memcpy</name>
         <value>0x200066f9</value>
         <object_component_ref idref="oc-36"/>
      </symbol>
      <symbol id="sm-1ee">
         <name>__aeabi_memcpy</name>
         <value>0x200066f9</value>
         <object_component_ref idref="oc-36"/>
      </symbol>
      <symbol id="sm-1ef">
         <name>__aeabi_memcpy8</name>
         <value>0x200066f9</value>
         <object_component_ref idref="oc-36"/>
      </symbol>
      <symbol id="sm-1f0">
         <name>__aeabi_memcpy4</name>
         <value>0x200066f9</value>
         <object_component_ref idref="oc-36"/>
      </symbol>
      <symbol id="sm-200">
         <name>memmove</name>
         <value>0x20007525</value>
         <object_component_ref idref="oc-1af"/>
      </symbol>
      <symbol id="sm-277">
         <name>_sys_memory</name>
         <value>0x20017000</value>
         <object_component_ref idref="oc-2a"/>
      </symbol>
      <symbol id="sm-278">
         <name>free</name>
         <value>0x2000559f</value>
         <object_component_ref idref="oc-1b5"/>
      </symbol>
      <symbol id="sm-279">
         <name>realloc</name>
         <value>0x20005661</value>
         <object_component_ref idref="oc-1b5"/>
      </symbol>
      <symbol id="sm-27a">
         <name>memalign</name>
         <value>0x2000576d</value>
         <object_component_ref idref="oc-1b5"/>
      </symbol>
      <symbol id="sm-27b">
         <name>calloc</name>
         <value>0x20005851</value>
         <object_component_ref idref="oc-1b5"/>
      </symbol>
      <symbol id="sm-27c">
         <name>malloc</name>
         <value>0x20005537</value>
         <object_component_ref idref="oc-1b5"/>
      </symbol>
      <symbol id="sm-27d">
         <name>minit</name>
         <value>0x200054a9</value>
         <object_component_ref idref="oc-1b5"/>
      </symbol>
      <symbol id="sm-28c">
         <name>__aeabi_memset</name>
         <value>0x20006bd7</value>
         <object_component_ref idref="oc-4f"/>
      </symbol>
      <symbol id="sm-28d">
         <name>memset</name>
         <value>0x20006bdd</value>
         <object_component_ref idref="oc-4f"/>
      </symbol>
      <symbol id="sm-28e">
         <name>__aeabi_memset8</name>
         <value>0x20006bd7</value>
         <object_component_ref idref="oc-4f"/>
      </symbol>
      <symbol id="sm-28f">
         <name>__aeabi_memset4</name>
         <value>0x20006bd7</value>
         <object_component_ref idref="oc-4f"/>
      </symbol>
      <symbol id="sm-290">
         <name>__aeabi_memclr8</name>
         <value>0x20006bd5</value>
         <object_component_ref idref="oc-4f"/>
      </symbol>
      <symbol id="sm-291">
         <name>__aeabi_memclr4</name>
         <value>0x20006bd5</value>
         <object_component_ref idref="oc-4f"/>
      </symbol>
      <symbol id="sm-292">
         <name>__aeabi_memclr</name>
         <value>0x20006bd5</value>
         <object_component_ref idref="oc-4f"/>
      </symbol>
      <symbol id="sm-29c">
         <name>_system_pre_init</name>
         <value>0x2000783b</value>
         <object_component_ref idref="oc-5b"/>
      </symbol>
      <symbol id="sm-2a4">
         <name>main_func_sp</name>
         <value>0x20017960</value>
         <object_component_ref idref="oc-73"/>
      </symbol>
      <symbol id="sm-2b2">
         <name>strlen</name>
         <value>0x200077e9</value>
         <object_component_ref idref="oc-1a9"/>
      </symbol>
      <symbol id="sm-2be">
         <name>__aeabi_ui2d</name>
         <value>0x200075d1</value>
         <object_component_ref idref="oc-11b"/>
      </symbol>
      <symbol id="sm-2ca">
         <name>__aeabi_ui2f</name>
         <value>0x20007549</value>
         <object_component_ref idref="oc-12a"/>
      </symbol>
      <symbol id="sm-2eb">
         <name>vsnprintf</name>
         <value>0x20006945</value>
         <object_component_ref idref="oc-197"/>
      </symbol>
      <symbol id="sm-304">
         <name>_nop</name>
         <value>0x200077e3</value>
         <object_component_ref idref="oc-170"/>
      </symbol>
      <symbol id="sm-305">
         <name>_lock</name>
         <value>0x20017944</value>
         <object_component_ref idref="oc-a7"/>
      </symbol>
      <symbol id="sm-306">
         <name>_unlock</name>
         <value>0x20017948</value>
         <object_component_ref idref="oc-a7"/>
      </symbol>
      <symbol id="sm-307">
         <name>_register_lock</name>
         <value>0x200077db</value>
         <object_component_ref idref="oc-170"/>
      </symbol>
      <symbol id="sm-308">
         <name>_register_unlock</name>
         <value>0x200077d5</value>
         <object_component_ref idref="oc-170"/>
      </symbol>
      <symbol id="sm-40d">
         <name>__TI_printfi</name>
         <value>0x200051a1</value>
         <object_component_ref idref="oc-251"/>
      </symbol>
      <symbol id="sm-422">
         <name>_args_main</name>
         <value>0x2000773d</value>
         <object_component_ref idref="oc-67"/>
      </symbol>
      <symbol id="sm-438">
         <name>atoi</name>
         <value>0x20006f85</value>
         <object_component_ref idref="oc-2db"/>
      </symbol>
      <symbol id="sm-45e">
         <name>__TI_auto_init</name>
         <value>0x20006d35</value>
         <object_component_ref idref="oc-61"/>
      </symbol>
      <symbol id="sm-478">
         <name>copy_in</name>
         <value>0x20006fd1</value>
         <object_component_ref idref="oc-97"/>
      </symbol>
      <symbol id="sm-483">
         <name>_ctypes_</name>
         <value>0x20007840</value>
         <object_component_ref idref="oc-32a"/>
      </symbol>
      <symbol id="sm-4a7">
         <name>__aeabi_dsub</name>
         <value>0x20005f65</value>
         <object_component_ref idref="oc-2b8"/>
      </symbol>
      <symbol id="sm-4a8">
         <name>__aeabi_dadd</name>
         <value>0x20005f6f</value>
         <object_component_ref idref="oc-2b8"/>
      </symbol>
      <symbol id="sm-4cf">
         <name>__aeabi_cdcmpeq</name>
         <value>0x200069cd</value>
         <object_component_ref idref="oc-299"/>
      </symbol>
      <symbol id="sm-4d0">
         <name>__aeabi_cdcmple</name>
         <value>0x200069cd</value>
         <object_component_ref idref="oc-299"/>
      </symbol>
      <symbol id="sm-4d1">
         <name>__aeabi_cdrcmple</name>
         <value>0x20006a53</value>
         <object_component_ref idref="oc-2a3"/>
      </symbol>
      <symbol id="sm-4f1">
         <name>__aeabi_ddiv</name>
         <value>0x2000611b</value>
         <object_component_ref idref="oc-29e"/>
      </symbol>
      <symbol id="sm-4ff">
         <name>__aeabi_d2iz</name>
         <value>0x20007065</value>
         <object_component_ref idref="oc-2a8"/>
      </symbol>
      <symbol id="sm-50c">
         <name>frexp</name>
         <value>0x2000756d</value>
         <object_component_ref idref="oc-2bd"/>
      </symbol>
      <symbol id="sm-518">
         <name>__aeabi_i2d</name>
         <value>0x20007425</value>
         <object_component_ref idref="oc-2b3"/>
      </symbol>
      <symbol id="sm-529">
         <name>ldexp</name>
         <value>0x200070ad</value>
         <object_component_ref idref="oc-2c3"/>
      </symbol>
      <symbol id="sm-538">
         <name>ltoa</name>
         <value>0x20006f2d</value>
         <object_component_ref idref="oc-2ad"/>
      </symbol>
      <symbol id="sm-548">
         <name>memccpy</name>
         <value>0x200076bd</value>
         <object_component_ref idref="oc-2d5"/>
      </symbol>
      <symbol id="sm-558">
         <name>strchr</name>
         <value>0x20007781</value>
         <object_component_ref idref="oc-2c9"/>
      </symbol>
      <symbol id="sm-582">
         <name>__aeabi_uldivmod</name>
         <value>0x20005d71</value>
         <object_component_ref idref="oc-294"/>
      </symbol>
      <symbol id="sm-590">
         <name>_Dclass</name>
         <value>0x200074ad</value>
         <object_component_ref idref="oc-2cf"/>
      </symbol>
      <symbol id="sm-5b1">
         <name>_Dscale</name>
         <value>0x20006385</value>
         <object_component_ref idref="oc-316"/>
      </symbol>
      <symbol id="sm-5c5">
         <name>_Dunscale</name>
         <value>0x20006e0b</value>
         <object_component_ref idref="oc-30e"/>
      </symbol>
      <symbol id="sm-5d4">
         <name>_Feraise</name>
         <value>0x200073f5</value>
         <object_component_ref idref="oc-31c"/>
      </symbol>
      <symbol id="sm-5e4">
         <name>_Rteps</name>
         <value>0x20017910</value>
         <object_component_ref idref="oc-345"/>
      </symbol>
      <symbol id="sm-5e5">
         <name>_Zero</name>
         <value>0x20017928</value>
         <object_component_ref idref="oc-345"/>
      </symbol>
      <symbol id="sm-5e6">
         <name>_Hugeval</name>
         <value>0x200178d0</value>
         <object_component_ref idref="oc-345"/>
      </symbol>
      <symbol id="sm-5e7">
         <name>_Snan</name>
         <value>0x20017900</value>
         <object_component_ref idref="oc-345"/>
      </symbol>
      <symbol id="sm-5e8">
         <name>_Nan</name>
         <value>0x200178f0</value>
         <object_component_ref idref="oc-345"/>
      </symbol>
      <symbol id="sm-5e9">
         <name>_Inf</name>
         <value>0x200178e0</value>
         <object_component_ref idref="oc-345"/>
      </symbol>
      <symbol id="sm-5ea">
         <name>_Xbig</name>
         <value>0x20017920</value>
         <object_component_ref idref="oc-345"/>
      </symbol>
      <symbol id="sm-5eb">
         <name>_Eps</name>
         <value>0x200178c0</value>
         <object_component_ref idref="oc-345"/>
      </symbol>
      <symbol id="sm-5ec">
         <name>_Denorm</name>
         <value>0x200178b0</value>
         <object_component_ref idref="oc-345"/>
      </symbol>
      <symbol id="sm-5f4">
         <name>_Errno</name>
         <value>0x2001795c</value>
         <object_component_ref idref="oc-350"/>
      </symbol>
      <symbol id="sm-612">
         <name>feraiseexcept</name>
         <value>0x20007361</value>
         <object_component_ref idref="oc-34a"/>
      </symbol>
      <symbol id="sm-613">
         <name>_Tls_setup__Fenv</name>
         <value>0x20017958</value>
         <object_component_ref idref="oc-376"/>
      </symbol>
      <symbol id="sm-614">
         <name>_Fenv</name>
         <value>0x20017954</value>
         <object_component_ref idref="oc-376"/>
      </symbol>
      <symbol id="sm-628">
         <name>raise</name>
         <value>0x20007453</value>
         <object_component_ref idref="oc-370"/>
      </symbol>
      <symbol id="sm-642">
         <name>signal</name>
         <value>0x20007201</value>
         <object_component_ref idref="oc-380"/>
      </symbol>
      <symbol id="sm-657">
         <name>_Dnorm</name>
         <value>0x20006591</value>
         <object_component_ref idref="oc-33b"/>
      </symbol>
      <symbol id="sm-6ad">
         <name>GPIOIntRegister</name>
         <value>0x200075f1</value>
         <object_component_ref idref="oc-10e"/>
      </symbol>
      <symbol id="sm-6ae">
         <name>GPIOIntEnable</name>
         <value>0x200076d9</value>
         <object_component_ref idref="oc-fc"/>
      </symbol>
      <symbol id="sm-6af">
         <name>GPIOIntTypeSet</name>
         <value>0x20006ad9</value>
         <object_component_ref idref="oc-102"/>
      </symbol>
      <symbol id="sm-6b0">
         <name>GPIOIntClear</name>
         <value>0x200077ab</value>
         <object_component_ref idref="oc-143"/>
      </symbol>
      <symbol id="sm-6b1">
         <name>GPIOPinRead</name>
         <value>0x2000770d</value>
         <object_component_ref idref="oc-149"/>
      </symbol>
      <symbol id="sm-6b2">
         <name>GPIODirModeSet</name>
         <value>0x20007329</value>
         <object_component_ref idref="oc-205"/>
      </symbol>
      <symbol id="sm-6b3">
         <name>GPIOPinWrite</name>
         <value>0x2000758f</value>
         <object_component_ref idref="oc-114"/>
      </symbol>
      <symbol id="sm-6f4">
         <name>IntVTableBaseSet</name>
         <value>0x200077c1</value>
         <object_component_ref idref="oc-d2"/>
      </symbol>
      <symbol id="sm-6f5">
         <name>IntEnable</name>
         <value>0x20006651</value>
         <object_component_ref idref="oc-de"/>
      </symbol>
      <symbol id="sm-6f6">
         <name>IntRegister</name>
         <value>0x200075b1</value>
         <object_component_ref idref="oc-216"/>
      </symbol>
      <symbol id="sm-6f7">
         <name>IntMasterEnable</name>
         <value>0x20007825</value>
         <object_component_ref idref="oc-d8"/>
      </symbol>
      <symbol id="sm-72e">
         <name>PinTypeUART</name>
         <value>0x200076f3</value>
         <object_component_ref idref="oc-20b"/>
      </symbol>
      <symbol id="sm-72f">
         <name>PinTypeGPIO</name>
         <value>0x20007395</value>
         <object_component_ref idref="oc-1ff"/>
      </symbol>
      <symbol id="sm-730">
         <name>PinConfigSet</name>
         <value>0x200068bd</value>
         <object_component_ref idref="oc-27d"/>
      </symbol>
      <symbol id="sm-731">
         <name>PinModeSet</name>
         <value>0x200071c1</value>
         <object_component_ref idref="oc-283"/>
      </symbol>
      <symbol id="sm-7b3">
         <name>PRCMPeripheralReset</name>
         <value>0x20006ed5</value>
         <object_component_ref idref="oc-1ec"/>
      </symbol>
      <symbol id="sm-7b4">
         <name>PRCMPeripheralClkEnable</name>
         <value>0x20007241</value>
         <object_component_ref idref="oc-1e6"/>
      </symbol>
      <symbol id="sm-7b5">
         <name>PRCMPeripheralClockGet</name>
         <value>0x20006795</value>
         <object_component_ref idref="oc-185"/>
      </symbol>
      <symbol id="sm-7b6">
         <name>PRCMCC3200MCUInit</name>
         <value>0x20006251</value>
         <object_component_ref idref="oc-e4"/>
      </symbol>
      <symbol id="sm-7b7">
         <name>PRCMHIBRegWrite</name>
         <value>0x2000776b</value>
         <object_component_ref idref="oc-1e0"/>
      </symbol>
      <symbol id="sm-7b8">
         <name>PRCMSysResetCauseGet</name>
         <value>0x20007481</value>
         <object_component_ref idref="oc-1f8"/>
      </symbol>
      <symbol id="sm-7b9">
         <name>PRCMPeripheralClkDisable</name>
         <value>0x200074d9</value>
         <object_component_ref idref="oc-1f2"/>
      </symbol>
      <symbol id="sm-7ba">
         <name>PRCMHIBRegRead</name>
         <value>0x20007755</value>
         <object_component_ref idref="oc-1da"/>
      </symbol>
      <symbol id="sm-800">
         <name>TimerDisable</name>
         <value>0x2000760f</value>
         <object_component_ref idref="oc-15b"/>
      </symbol>
      <symbol id="sm-801">
         <name>TimerIntRegister</name>
         <value>0x20006cc5</value>
         <object_component_ref idref="oc-108"/>
      </symbol>
      <symbol id="sm-802">
         <name>TimerEnable</name>
         <value>0x2000762d</value>
         <object_component_ref idref="oc-f6"/>
      </symbol>
      <symbol id="sm-803">
         <name>TimerValueGet</name>
         <value>0x20007685</value>
         <object_component_ref idref="oc-155"/>
      </symbol>
      <symbol id="sm-804">
         <name>TimerLoadGet</name>
         <value>0x20007669</value>
         <object_component_ref idref="oc-14f"/>
      </symbol>
      <symbol id="sm-805">
         <name>TimerConfigure</name>
         <value>0x200070f5</value>
         <object_component_ref idref="oc-f0"/>
      </symbol>
      <symbol id="sm-841">
         <name>UARTConfigSetExpClk</name>
         <value>0x20006c4f</value>
         <object_component_ref idref="oc-18b"/>
      </symbol>
      <symbol id="sm-842">
         <name>UARTDisable</name>
         <value>0x200073c5</value>
         <object_component_ref idref="oc-243"/>
      </symbol>
      <symbol id="sm-843">
         <name>UARTCharsAvail</name>
         <value>0x20007725</value>
         <object_component_ref idref="oc-19d"/>
      </symbol>
      <symbol id="sm-844">
         <name>UARTCharGetNonBlocking</name>
         <value>0x200076a1</value>
         <object_component_ref idref="oc-1a3"/>
      </symbol>
      <symbol id="sm-845">
         <name>UARTCharPut</name>
         <value>0x2000764b</value>
         <object_component_ref idref="oc-191"/>
      </symbol>
      <symbol id="sm-846">
         <name>UARTEnable</name>
         <value>0x20007501</value>
         <object_component_ref idref="oc-249"/>
      </symbol>
      <symbol id="sm-84a">
         <name>UtilsDelay</name>
         <value>0x2000782f</value>
         <object_component_ref idref="oc-11a"/>
      </symbol>
      <symbol id="sm-854">
         <name>CPUcpsie</name>
         <value>0x20007797</value>
         <object_component_ref idref="oc-1ca"/>
      </symbol>
      <symbol id="sm-856">
         <name>__TI_static_base__</name>
         <value>0x20007b78</value>
      </symbol>
      <symbol id="sm-859">
         <name>SHT$$INIT_ARRAY$$Limit</name>
         <value>0x0</value>
      </symbol>
      <symbol id="sm-85a">
         <name>SHT$$INIT_ARRAY$$Base</name>
         <value>0x0</value>
      </symbol>
   </symbol_table>
   <title>Link successful</title>
</link_info>
