******************************************************************************
                  TI ARM Linker PC v5.2.6                      
******************************************************************************
>> Linked Sat Feb 06 06:21:42 2016

OUTPUT FILE NAME:   <Timer_Ultrsonic.out>
ENTRY POINT SYMBOL: "_c_int00"  address: 2000727d


MEMORY CONFIGURATION

         name            origin    length      used     unused   attr    fill
----------------------  --------  ---------  --------  --------  ----  --------
  SRAM_CODE             20004000   00013000  00003bee  0000f412  RW X
  SRAM_DATA             20017000   00019000  00001968  00017698  RW X


SEGMENT ALLOCATION MAP

run origin  load origin   length   init length attrs members
----------  ----------- ---------- ----------- ----- -------
20004000    20004000    00003bf0   00003bf0    r-x
  20004000    20004000    00000400   00000400    r-- .intvecs
  20004400    20004400    0000343e   0000343e    r-x .text
  20007840    20007840    00000338   00000338    r-- .const
  20007b78    20007b78    00000078   00000078    r-- .cinit
20017000    20017000    00000968   00000000    rw-
  20017000    20017000    00000800   00000000    rw- .sysmem
  20017800    20017800    00000164   00000000    rw- .data
  20017964    20017964    00000004   00000000    rw- .bss
2002f000    2002f000    00001000   00000000    rw-
  2002f000    2002f000    00001000   00000000    rw- .stack


SECTION ALLOCATION MAP

 output                                  attributes/
section   page    origin      length       input sections
--------  ----  ----------  ----------   ----------------
.intvecs   0    20004000    00000400     
                  20004000    00000400     startup_ccs.obj (.intvecs)

.init_array 
*          0    20004000    00000000     UNINITIALIZED

.text      0    20004400    0000343e     
                  20004400    000010a6     rtsv7M4_T_le_eabi.lib : _printfi.obj (.text)
                  200054a6    00000002     --HOLE-- [fill = 0]
                  200054a8    000003dc                           : memory.obj (.text)
                  20005884    00000280     uart_if.obj (.text)
                  20005b04    0000026c     main.obj (.text)
                  20005d70    000001f4     rtsv7M4_T_le_eabi.lib : ull_div_t2.obj (.text)
                  20005f64    000001b6                           : fd_add_t2.obj (.text)
                  2000611a    00000136                           : fd_div_t2.obj (.text)
                  20006250    00000134     driverlib.a : prcm.obj (.text:PRCMCC3200MCUInit)
                  20006384    00000110     rtsv7M4_T_le_eabi.lib : xdscale.obj (.text)
                  20006494    000000fc                           : fd_mul_t2.obj (.text)
                  20006590    000000be                           : xdnorm.obj (.text)
                  2000664e    00000002     --HOLE-- [fill = 0]
                  20006650    000000a8     driverlib.a : interrupt.obj (.text:IntEnable)
                  200066f8    0000009c     rtsv7M4_T_le_eabi.lib : memcpy_t2.obj (.text)
                  20006794    00000094     driverlib.a : prcm.obj (.text:PRCMPeripheralClockGet)
                  20006828    00000092     rtsv7M4_T_le_eabi.lib : fs_div_t2.obj (.text)
                  200068ba    00000002     --HOLE-- [fill = 0]
                  200068bc    00000088     driverlib.a : pin.obj (.text:PinConfigSet)
                  20006944    00000088     rtsv7M4_T_le_eabi.lib : vsnprintf.obj (.text)
                  200069cc    00000086                           : fd_cmp_t2.obj (.text:__aeabi_cdcmple)
                  20006a52    00000086                           : fd_cmp_t2.obj (.text:__aeabi_cdrcmple)
                  20006ad8    00000082     driverlib.a : gpio.obj (.text:GPIOIntTypeSet)
                  20006b5a    0000007a     rtsv7M4_T_le_eabi.lib : fs_mul_t2.obj (.text)
                  20006bd4    0000007a                           : memset_t2.obj (.text)
                  20006c4e    00000076     driverlib.a : uart.obj (.text:UARTConfigSetExpClk)
                  20006cc4    00000070                 : timer.obj (.text:TimerIntRegister)
                  20006d34    0000006c     rtsv7M4_T_le_eabi.lib : autoinit.obj (.text)
                  20006da0    0000006a                           : copy_decompress_rle.obj (.text)
                  20006e0a    00000066                           : xdunscal.obj (.text)
                  20006e70    00000064     pinmux.obj (.text)
                  20006ed4    00000058     driverlib.a : prcm.obj (.text:PRCMPeripheralReset)
                  20006f2c    00000056     rtsv7M4_T_le_eabi.lib : ltoa.obj (.text)
                  20006f82    00000002     --HOLE-- [fill = 0]
                  20006f84    0000004c                           : atoi.obj (.text)
                  20006fd0    0000004c                           : cpy_tbl.obj (.text)
                  2000701c    00000048     driverlib.a : gpio.obj (.text:GPIOGetIntNumber)
                  20007064    00000048     rtsv7M4_T_le_eabi.lib : fd_toi_t2.obj (.text)
                  200070ac    00000046                           : ldexp.obj (.text)
                  200070f2    00000002     --HOLE-- [fill = 0]
                  200070f4    00000044     driverlib.a : timer.obj (.text:TimerConfigure)
                  20007138    00000044     rtsv7M4_T_le_eabi.lib : exit.obj (.text)
                  2000717c    00000044                           : fd_tou_t2.obj (.text)
                  200071c0    00000040     driverlib.a : pin.obj (.text:PinModeSet)
                  20007200    00000040     rtsv7M4_T_le_eabi.lib : signal.obj (.text)
                  20007240    0000003c     driverlib.a : prcm.obj (.text:PRCMPeripheralClkEnable)
                  2000727c    0000003c     rtsv7M4_T_le_eabi.lib : boot.obj (.text)
                  200072b8    00000038                           : fs_tod_t2.obj (.text)
                  200072f0    00000038                           : fs_toi_t2.obj (.text)
                  20007328    00000036     driverlib.a : gpio.obj (.text:GPIODirModeSet)
                  2000735e    00000002     --HOLE-- [fill = 0]
                  20007360    00000034     rtsv7M4_T_le_eabi.lib : feraiseexcept.obj (.text)
                  20007394    00000030     driverlib.a : pin.obj (.text:PinTypeGPIO)
                  200073c4    00000030                 : uart.obj (.text:UARTDisable)
                  200073f4    00000030     rtsv7M4_T_le_eabi.lib : xferaise.obj (.text)
                  20007424    0000002e                           : i_tofd_t2.obj (.text)
                  20007452    0000002e                           : raise.obj (.text)
                  20007480    0000002c     driverlib.a : prcm.obj (.text:PRCMSysResetCauseGet)
                  200074ac    0000002a     rtsv7M4_T_le_eabi.lib : xdclass.obj (.text)
                  200074d6    00000002     --HOLE-- [fill = 0]
                  200074d8    00000028     driverlib.a : prcm.obj (.text:PRCMPeripheralClkDisable)
                  20007500    00000024                 : uart.obj (.text:UARTEnable)
                  20007524    00000024     rtsv7M4_T_le_eabi.lib : memmov.obj (.text)
                  20007548    00000024                           : u_tofs_t2.obj (.text)
                  2000756c    00000022                           : frexp.obj (.text)
                  2000758e    00000020     driverlib.a : gpio.obj (.text:GPIOPinWrite)
                  200075ae    00000002     --HOLE-- [fill = 0]
                  200075b0    00000020                 : interrupt.obj (.text:IntRegister)
                  200075d0    00000020     rtsv7M4_T_le_eabi.lib : u_tofd_t2.obj (.text)
                  200075f0    0000001e     driverlib.a : gpio.obj (.text:GPIOIntRegister)
                  2000760e    0000001e                 : timer.obj (.text:TimerDisable)
                  2000762c    0000001e                 : timer.obj (.text:TimerEnable)
                  2000764a    0000001e                 : uart.obj (.text:UARTCharPut)
                  20007668    0000001c                 : timer.obj (.text:TimerLoadGet)
                  20007684    0000001c                 : timer.obj (.text:TimerValueGet)
                  200076a0    0000001c                 : uart.obj (.text:UARTCharGetNonBlocking)
                  200076bc    0000001c     rtsv7M4_T_le_eabi.lib : memccpy.obj (.text)
                  200076d8    0000001a     driverlib.a : gpio.obj (.text:GPIOIntEnable)
                  200076f2    0000001a                 : pin.obj (.text:PinTypeUART)
                  2000770c    00000018                 : gpio.obj (.text:GPIOPinRead)
                  20007724    00000018                 : uart.obj (.text:UARTCharsAvail)
                  2000773c    00000018     rtsv7M4_T_le_eabi.lib : args_main.obj (.text)
                  20007754    00000016     driverlib.a : prcm.obj (.text:PRCMHIBRegRead)
                  2000776a    00000016                 : prcm.obj (.text:PRCMHIBRegWrite)
                  20007780    00000016     rtsv7M4_T_le_eabi.lib : strchr.obj (.text)
                  20007796    00000014     driverlib.a : cpu.obj (.text:CPUcpsie)
                  200077aa    00000014                 : gpio.obj (.text:GPIOIntClear)
                  200077be    00000002     --HOLE-- [fill = 0]
                  200077c0    00000014                 : interrupt.obj (.text:IntVTableBaseSet)
                  200077d4    00000014     rtsv7M4_T_le_eabi.lib : _lock.obj (.text)
                  200077e8    00000014                           : strlen.obj (.text)
                  200077fc    0000000e                           : copy_decompress_none.obj (.text:decompress:none)
                  2000780a    0000000e     startup_ccs.obj (.text)
                  20007818    0000000c     rtsv7M4_T_le_eabi.lib : copy_zero_init.obj (.text:decompress:ZI)
                  20007824    0000000a     driverlib.a : interrupt.obj (.text:IntMasterEnable)
                  2000782e    00000006                 : utils.obj (.text:UtilsDelay)
                  20007834    00000006     rtsv7M4_T_le_eabi.lib : copy_decompress_rle.obj (.text:decompress:rle24)
                  2000783a    00000004                           : pre_init.obj (.text)

.const     0    20007840    00000338     
                  20007840    00000101     rtsv7M4_T_le_eabi.lib : ctype.obj (.const:.string:_ctypes_)
                  20007941    00000003     --HOLE-- [fill = 0]
                  20007944    00000100     driverlib.a : pin.obj (.const:g_ulPinToPadMap)
                  20007a44    000000a8                 : prcm.obj (.const:PRCM_PeriphRegsList)
                  20007aec    00000080                 : interrupt.obj (.const)
                  20007b6c    00000004     --HOLE-- [fill = 0]
                  20007b70    00000008     main.obj (.const)

.cinit     0    20007b78    00000078     
                  20007b78    0000004e     (.cinit..data.load) [load image, compression = rle]
                  20007bc6    00000002     --HOLE-- [fill = 0]
                  20007bc8    0000000c     (__TI_handler_table)
                  20007bd4    00000004     --HOLE-- [fill = 0]
                  20007bd8    00000008     (.cinit..bss.load) [load image, compression = zero_init]
                  20007be0    00000010     (__TI_cinit_table)

.sysmem    0    20017000    00000800     UNINITIALIZED
                  20017000    00000008     rtsv7M4_T_le_eabi.lib : memory.obj (.sysmem)
                  20017008    000007f8     --HOLE--

.data      0    20017800    00000164     UNINITIALIZED
                  20017800    000000b0     rtsv7M4_T_le_eabi.lib : signal.obj (.data:sigtable)
                  200178b0    00000080                           : xvalues.obj (.data)
                  20017930    0000000c                           : memory.obj (.data)
                  2001793c    00000008     main.obj (.data)
                  20017944    00000008     rtsv7M4_T_le_eabi.lib : _lock.obj (.data)
                  2001794c    00000008                           : exit.obj (.data)
                  20017954    00000008                           : feraiseexcept.obj (.data)
                  2001795c    00000004                           : errno.obj (.data)
                  20017960    00000004                           : stkdepth_vars.obj (.data)

.TI.persistent 
*          0    20017800    00000000     UNINITIALIZED

.bss       0    20017964    00000004     UNINITIALIZED
                  20017964    00000004     (.common:__Errorlog)

.TI.noinit 
*          0    20017964    00000000     UNINITIALIZED

.stack     0    2002f000    00001000     UNINITIALIZED
                  2002f000    00001000     --HOLE--


LINKER GENERATED COPY TABLES

__TI_cinit_table @ 20007be0 records: 2, size/record: 8, table size: 16
	.data: load addr=20007b78, load size=0000004e bytes, run addr=20017800, run size=00000164 bytes, compression=rle
	.bss: load addr=20007bd8, load size=00000008 bytes, run addr=20017964, run size=00000004 bytes, compression=zero_init


LINKER GENERATED HANDLER TABLE

__TI_handler_table @ 20007bc8 records: 3, size/record: 4, table size: 12
	index: 0, handler: __TI_decompress_rle24
	index: 1, handler: __TI_decompress_none
	index: 2, handler: __TI_zero_init


GLOBAL SYMBOLS: SORTED ALPHABETICALLY BY Name 

address   name                    
-------   ----                    
20005b2b  BoardInit               
20007139  C$$EXIT                 
20007797  CPUcpsie                
200058c5  ClearTerm               
20005b05  DisplayBanner           
200058cf  Error                   
20007329  GPIODirModeSet          
200077ab  GPIOIntClear            
200076d9  GPIOIntEnable           
200075f1  GPIOIntRegister         
20006ad9  GPIOIntTypeSet          
2000770d  GPIOPinRead             
2000758f  GPIOPinWrite            
20005907  GetCmd                  
20005885  InitTerm                
20006651  IntEnable               
20007825  IntMasterEnable         
200075b1  IntRegister             
200077c1  IntVTableBaseSet        
200058a3  Message                 
20006251  PRCMCC3200MCUInit       
20007755  PRCMHIBRegRead          
2000776b  PRCMHIBRegWrite         
200074d9  PRCMPeripheralClkDisable
20007241  PRCMPeripheralClkEnable 
20006795  PRCMPeripheralClockGet  
20006ed5  PRCMPeripheralReset     
20007481  PRCMSysResetCauseGet    
200068bd  PinConfigSet            
200071c1  PinModeSet              
20006e71  PinMuxConfig            
20007395  PinTypeGPIO             
200076f3  PinTypeUART             
20005a45  Report                  
2000780b  ResetISR                
UNDEFED   SHT$$INIT_ARRAY$$Base   
UNDEFED   SHT$$INIT_ARRAY$$Limit  
200070f5  TimerConfigure          
2000760f  TimerDisable            
2000762d  TimerEnable             
20006cc5  TimerIntRegister        
20007669  TimerLoadGet            
20007685  TimerValueGet           
200059ad  TrimSpace               
200076a1  UARTCharGetNonBlocking  
2000764b  UARTCharPut             
20007725  UARTCharsAvail          
20006c4f  UARTConfigSetExpClk     
200073c5  UARTDisable             
20007501  UARTEnable              
2000782f  UtilsDelay              
200074ad  _Dclass                 
200178b0  _Denorm                 
20006591  _Dnorm                  
20006385  _Dscale                 
20006e0b  _Dunscale               
200178c0  _Eps                    
2001795c  _Errno                  
20017954  _Fenv                   
200073f5  _Feraise                
200178d0  _Hugeval                
200178e0  _Inf                    
200178f0  _Nan                    
20017910  _Rteps                  
20017900  _Snan                   
20017958  _Tls_setup__Fenv        
20017920  _Xbig                   
20017928  _Zero                   
20030000  __STACK_END             
00001000  __STACK_SIZE            
00000800  __SYSMEM_SIZE           
20007be0  __TI_CINIT_Base         
20007bf0  __TI_CINIT_Limit        
20007bc8  __TI_Handler_Table_Base 
20007bd4  __TI_Handler_Table_Limit
20006d35  __TI_auto_init          
2001794c  __TI_cleanup_ptr        
200077fd  __TI_decompress_none    
20007835  __TI_decompress_rle24   
20017950  __TI_dtors_ptr          
200051a1  __TI_printfi            
20007b78  __TI_static_base__      
20007819  __TI_zero_init          
200069cd  __aeabi_cdcmpeq         
200069cd  __aeabi_cdcmple         
20006a53  __aeabi_cdrcmple        
20007065  __aeabi_d2iz            
2000717d  __aeabi_d2uiz           
20005f6f  __aeabi_dadd            
2000611b  __aeabi_ddiv            
20006495  __aeabi_dmul            
20005f65  __aeabi_dsub            
200072b9  __aeabi_f2d             
200072f1  __aeabi_f2iz            
20006829  __aeabi_fdiv            
20006b5b  __aeabi_fmul            
20007425  __aeabi_i2d             
20006bd5  __aeabi_memclr          
20006bd5  __aeabi_memclr4         
20006bd5  __aeabi_memclr8         
200066f9  __aeabi_memcpy          
200066f9  __aeabi_memcpy4         
200066f9  __aeabi_memcpy8         
20006bd7  __aeabi_memset          
20006bd7  __aeabi_memset4         
20006bd7  __aeabi_memset8         
200075d1  __aeabi_ui2d            
20007549  __aeabi_ui2f            
20005d71  __aeabi_uldivmod        
ffffffff  __binit__               
ffffffff  __c_args__              
2002f000  __stack                 
2000773d  _args_main              
2000727d  _c_int00                
20007840  _ctypes_                
20017944  _lock                   
200077e3  _nop                    
200077db  _register_lock          
200077d5  _register_unlock        
20017000  _sys_memory             
2000783b  _system_pre_init        
20017948  _unlock                 
2000713d  abort                   
20006f85  atoi                    
ffffffff  binit                   
20005851  calloc                  
20006fd1  copy_in                 
20017940  echowait                
20007145  exit                    
20007361  feraiseexcept           
2000559f  free                    
2000756d  frexp                   
20004000  g_pfnVectors            
20005c3b  inputInt                
200070ad  ldexp                   
20006f2d  ltoa                    
20005b43  main                    
20017960  main_func_sp            
20005537  malloc                  
2000576d  memalign                
200076bd  memccpy                 
200066f9  memcpy                  
20007525  memmove                 
20006bdd  memset                  
200054a9  minit                   
2001793c  pulse                   
20007453  raise                   
20005661  realloc                 
20007201  signal                  
20007781  strchr                  
200077e9  strlen                  
20007b70  temp                    
20006945  vsnprintf               


GLOBAL SYMBOLS: SORTED BY Symbol Address 

address   name                    
-------   ----                    
00000800  __SYSMEM_SIZE           
00001000  __STACK_SIZE            
20004000  g_pfnVectors            
200051a1  __TI_printfi            
200054a9  minit                   
20005537  malloc                  
2000559f  free                    
20005661  realloc                 
2000576d  memalign                
20005851  calloc                  
20005885  InitTerm                
200058a3  Message                 
200058c5  ClearTerm               
200058cf  Error                   
20005907  GetCmd                  
200059ad  TrimSpace               
20005a45  Report                  
20005b05  DisplayBanner           
20005b2b  BoardInit               
20005b43  main                    
20005c3b  inputInt                
20005d71  __aeabi_uldivmod        
20005f65  __aeabi_dsub            
20005f6f  __aeabi_dadd            
2000611b  __aeabi_ddiv            
20006251  PRCMCC3200MCUInit       
20006385  _Dscale                 
20006495  __aeabi_dmul            
20006591  _Dnorm                  
20006651  IntEnable               
200066f9  __aeabi_memcpy          
200066f9  __aeabi_memcpy4         
200066f9  __aeabi_memcpy8         
200066f9  memcpy                  
20006795  PRCMPeripheralClockGet  
20006829  __aeabi_fdiv            
200068bd  PinConfigSet            
20006945  vsnprintf               
200069cd  __aeabi_cdcmpeq         
200069cd  __aeabi_cdcmple         
20006a53  __aeabi_cdrcmple        
20006ad9  GPIOIntTypeSet          
20006b5b  __aeabi_fmul            
20006bd5  __aeabi_memclr          
20006bd5  __aeabi_memclr4         
20006bd5  __aeabi_memclr8         
20006bd7  __aeabi_memset          
20006bd7  __aeabi_memset4         
20006bd7  __aeabi_memset8         
20006bdd  memset                  
20006c4f  UARTConfigSetExpClk     
20006cc5  TimerIntRegister        
20006d35  __TI_auto_init          
20006e0b  _Dunscale               
20006e71  PinMuxConfig            
20006ed5  PRCMPeripheralReset     
20006f2d  ltoa                    
20006f85  atoi                    
20006fd1  copy_in                 
20007065  __aeabi_d2iz            
200070ad  ldexp                   
200070f5  TimerConfigure          
20007139  C$$EXIT                 
2000713d  abort                   
20007145  exit                    
2000717d  __aeabi_d2uiz           
200071c1  PinModeSet              
20007201  signal                  
20007241  PRCMPeripheralClkEnable 
2000727d  _c_int00                
200072b9  __aeabi_f2d             
200072f1  __aeabi_f2iz            
20007329  GPIODirModeSet          
20007361  feraiseexcept           
20007395  PinTypeGPIO             
200073c5  UARTDisable             
200073f5  _Feraise                
20007425  __aeabi_i2d             
20007453  raise                   
20007481  PRCMSysResetCauseGet    
200074ad  _Dclass                 
200074d9  PRCMPeripheralClkDisable
20007501  UARTEnable              
20007525  memmove                 
20007549  __aeabi_ui2f            
2000756d  frexp                   
2000758f  GPIOPinWrite            
200075b1  IntRegister             
200075d1  __aeabi_ui2d            
200075f1  GPIOIntRegister         
2000760f  TimerDisable            
2000762d  TimerEnable             
2000764b  UARTCharPut             
20007669  TimerLoadGet            
20007685  TimerValueGet           
200076a1  UARTCharGetNonBlocking  
200076bd  memccpy                 
200076d9  GPIOIntEnable           
200076f3  PinTypeUART             
2000770d  GPIOPinRead             
20007725  UARTCharsAvail          
2000773d  _args_main              
20007755  PRCMHIBRegRead          
2000776b  PRCMHIBRegWrite         
20007781  strchr                  
20007797  CPUcpsie                
200077ab  GPIOIntClear            
200077c1  IntVTableBaseSet        
200077d5  _register_unlock        
200077db  _register_lock          
200077e3  _nop                    
200077e9  strlen                  
200077fd  __TI_decompress_none    
2000780b  ResetISR                
20007819  __TI_zero_init          
20007825  IntMasterEnable         
2000782f  UtilsDelay              
20007835  __TI_decompress_rle24   
2000783b  _system_pre_init        
20007840  _ctypes_                
20007b70  temp                    
20007b78  __TI_static_base__      
20007bc8  __TI_Handler_Table_Base 
20007bd4  __TI_Handler_Table_Limit
20007be0  __TI_CINIT_Base         
20007bf0  __TI_CINIT_Limit        
20017000  _sys_memory             
200178b0  _Denorm                 
200178c0  _Eps                    
200178d0  _Hugeval                
200178e0  _Inf                    
200178f0  _Nan                    
20017900  _Snan                   
20017910  _Rteps                  
20017920  _Xbig                   
20017928  _Zero                   
2001793c  pulse                   
20017940  echowait                
20017944  _lock                   
20017948  _unlock                 
2001794c  __TI_cleanup_ptr        
20017950  __TI_dtors_ptr          
20017954  _Fenv                   
20017958  _Tls_setup__Fenv        
2001795c  _Errno                  
20017960  main_func_sp            
2002f000  __stack                 
20030000  __STACK_END             
ffffffff  __binit__               
ffffffff  __c_args__              
ffffffff  binit                   
UNDEFED   SHT$$INIT_ARRAY$$Base   
UNDEFED   SHT$$INIT_ARRAY$$Limit  

[153 symbols]
